Archive member included to satisfy reference by file (symbol)

c:/st/stm32cubeide_1.5.0/stm32cubeide/plugins/com.st.stm32cube.ide.mcu.externaltools.gnu-tools-for-stm32.7-2018-q2-update.win32_1.5.0.202011040924/tools/bin/../lib/gcc/arm-none-eabi/7.3.1/../../../../arm-none-eabi/lib/thumb/v7e-m/fpv4-sp/hard\libc_nano.a(lib_a-exit.o)
                              c:/st/stm32cubeide_1.5.0/stm32cubeide/plugins/com.st.stm32cube.ide.mcu.externaltools.gnu-tools-for-stm32.7-2018-q2-update.win32_1.5.0.202011040924/tools/bin/../lib/gcc/arm-none-eabi/7.3.1/../../../../arm-none-eabi/lib/thumb/v7e-m/fpv4-sp/hard/crt0.o (exit)
c:/st/stm32cubeide_1.5.0/stm32cubeide/plugins/com.st.stm32cube.ide.mcu.externaltools.gnu-tools-for-stm32.7-2018-q2-update.win32_1.5.0.202011040924/tools/bin/../lib/gcc/arm-none-eabi/7.3.1/../../../../arm-none-eabi/lib/thumb/v7e-m/fpv4-sp/hard\libc_nano.a(lib_a-impure.o)
                              c:/st/stm32cubeide_1.5.0/stm32cubeide/plugins/com.st.stm32cube.ide.mcu.externaltools.gnu-tools-for-stm32.7-2018-q2-update.win32_1.5.0.202011040924/tools/bin/../lib/gcc/arm-none-eabi/7.3.1/../../../../arm-none-eabi/lib/thumb/v7e-m/fpv4-sp/hard\libc_nano.a(lib_a-exit.o) (_global_impure_ptr)
c:/st/stm32cubeide_1.5.0/stm32cubeide/plugins/com.st.stm32cube.ide.mcu.externaltools.gnu-tools-for-stm32.7-2018-q2-update.win32_1.5.0.202011040924/tools/bin/../lib/gcc/arm-none-eabi/7.3.1/../../../../arm-none-eabi/lib/thumb/v7e-m/fpv4-sp/hard\libc_nano.a(lib_a-init.o)
                              c:/st/stm32cubeide_1.5.0/stm32cubeide/plugins/com.st.stm32cube.ide.mcu.externaltools.gnu-tools-for-stm32.7-2018-q2-update.win32_1.5.0.202011040924/tools/bin/../lib/gcc/arm-none-eabi/7.3.1/../../../../arm-none-eabi/lib/thumb/v7e-m/fpv4-sp/hard/crt0.o (__libc_init_array)
c:/st/stm32cubeide_1.5.0/stm32cubeide/plugins/com.st.stm32cube.ide.mcu.externaltools.gnu-tools-for-stm32.7-2018-q2-update.win32_1.5.0.202011040924/tools/bin/../lib/gcc/arm-none-eabi/7.3.1/../../../../arm-none-eabi/lib/thumb/v7e-m/fpv4-sp/hard\libc_nano.a(lib_a-memset.o)
                              c:/st/stm32cubeide_1.5.0/stm32cubeide/plugins/com.st.stm32cube.ide.mcu.externaltools.gnu-tools-for-stm32.7-2018-q2-update.win32_1.5.0.202011040924/tools/bin/../lib/gcc/arm-none-eabi/7.3.1/../../../../arm-none-eabi/lib/thumb/v7e-m/fpv4-sp/hard/crt0.o (memset)
c:/st/stm32cubeide_1.5.0/stm32cubeide/plugins/com.st.stm32cube.ide.mcu.externaltools.gnu-tools-for-stm32.7-2018-q2-update.win32_1.5.0.202011040924/tools/bin/../lib/gcc/arm-none-eabi/7.3.1/../../../../arm-none-eabi/lib/thumb/v7e-m/fpv4-sp/hard\libnosys.a(_exit.o)
                              c:/st/stm32cubeide_1.5.0/stm32cubeide/plugins/com.st.stm32cube.ide.mcu.externaltools.gnu-tools-for-stm32.7-2018-q2-update.win32_1.5.0.202011040924/tools/bin/../lib/gcc/arm-none-eabi/7.3.1/../../../../arm-none-eabi/lib/thumb/v7e-m/fpv4-sp/hard\libc_nano.a(lib_a-exit.o) (_exit)
c:/st/stm32cubeide_1.5.0/stm32cubeide/plugins/com.st.stm32cube.ide.mcu.externaltools.gnu-tools-for-stm32.7-2018-q2-update.win32_1.5.0.202011040924/tools/bin/../lib/gcc/arm-none-eabi/7.3.1/thumb/v7e-m/fpv4-sp/hard\libgcc.a(_aeabi_uldivmod.o)
                              build/stm32l4xx_hal_uart.o (__aeabi_uldivmod)
c:/st/stm32cubeide_1.5.0/stm32cubeide/plugins/com.st.stm32cube.ide.mcu.externaltools.gnu-tools-for-stm32.7-2018-q2-update.win32_1.5.0.202011040924/tools/bin/../lib/gcc/arm-none-eabi/7.3.1/thumb/v7e-m/fpv4-sp/hard\libgcc.a(_udivmoddi4.o)
                              c:/st/stm32cubeide_1.5.0/stm32cubeide/plugins/com.st.stm32cube.ide.mcu.externaltools.gnu-tools-for-stm32.7-2018-q2-update.win32_1.5.0.202011040924/tools/bin/../lib/gcc/arm-none-eabi/7.3.1/thumb/v7e-m/fpv4-sp/hard\libgcc.a(_aeabi_uldivmod.o) (__udivmoddi4)
c:/st/stm32cubeide_1.5.0/stm32cubeide/plugins/com.st.stm32cube.ide.mcu.externaltools.gnu-tools-for-stm32.7-2018-q2-update.win32_1.5.0.202011040924/tools/bin/../lib/gcc/arm-none-eabi/7.3.1/thumb/v7e-m/fpv4-sp/hard\libgcc.a(_dvmd_tls.o)
                              c:/st/stm32cubeide_1.5.0/stm32cubeide/plugins/com.st.stm32cube.ide.mcu.externaltools.gnu-tools-for-stm32.7-2018-q2-update.win32_1.5.0.202011040924/tools/bin/../lib/gcc/arm-none-eabi/7.3.1/thumb/v7e-m/fpv4-sp/hard\libgcc.a(_aeabi_uldivmod.o) (__aeabi_ldiv0)

Allocating common symbols
Common symbol       size              file

rt_interrupt_to_thread
                    0x4               build/cpuport.o
rt_interrupt_from_thread
                    0x4               build/cpuport.o
rt_thread_switch_interrupt_flag
                    0x4               build/cpuport.o
uwTick              0x4               build/stm32l4xx_hal.o
rt_thread_priority_table
                    0x100             build/scheduler.o
rt_current_priority
                    0x1               build/scheduler.o
rt_interrupt_nest   0x1               build/irq.o
rt_current_thread   0x4               build/scheduler.o
rt_thread_ready_priority_group
                    0x4               build/scheduler.o
[...]
Memory Configuration

Name             Origin             Length             Attributes
RAM              0x0000000020000000 0x0000000000018000 xrw
RAM2             0x0000000010000000 0x0000000000008000 xrw
FLASH            0x0000000008000000 0x0000000000100000 xr
*default*        0x0000000000000000 0xffffffffffffffff

Linker script and memory map

LOAD c:/st/stm32cubeide_1.5.0/stm32cubeide/plugins/com.st.stm32cube.ide.mcu.externaltools.gnu-tools-for-stm32.7-2018-q2-update.win32_1.5.0.202011040924/tools/bin/../lib/gcc/arm-none-eabi/7.3.1/thumb/v7e-m/fpv4-sp/hard/crti.o
LOAD c:/st/stm32cubeide_1.5.0/stm32cubeide/plugins/com.st.stm32cube.ide.mcu.externaltools.gnu-tools-for-stm32.7-2018-q2-update.win32_1.5.0.202011040924/tools/bin/../lib/gcc/arm-none-eabi/7.3.1/thumb/v7e-m/fpv4-sp/hard/crtbegin.o
LOAD c:/st/stm32cubeide_1.5.0/stm32cubeide/plugins/com.st.stm32cube.ide.mcu.externaltools.gnu-tools-for-stm32.7-2018-q2-update.win32_1.5.0.202011040924/tools/bin/../lib/gcc/arm-none-eabi/7.3.1/../../../../arm-none-eabi/lib/thumb/v7e-m/fpv4-sp/hard/crt0.o
LOAD build/main.o
LOAD build/stm32l4xx_it.o
LOAD build/stm32l4xx_hal_msp.o
LOAD build/stm32l4xx_hal.o
LOAD build/stm32l4xx_hal_i2c.o
LOAD build/stm32l4xx_hal_i2c_ex.o
LOAD build/stm32l4xx_hal_rcc.o
LOAD build/stm32l4xx_hal_rcc_ex.o
LOAD build/stm32l4xx_hal_flash.o
LOAD build/stm32l4xx_hal_flash_ex.o
LOAD build/stm32l4xx_hal_flash_ramfunc.o
LOAD build/stm32l4xx_hal_gpio.o
LOAD build/stm32l4xx_hal_dma.o
LOAD build/stm32l4xx_hal_dma_ex.o
LOAD build/stm32l4xx_hal_pwr.o
LOAD build/stm32l4xx_hal_pwr_ex.o
LOAD build/stm32l4xx_hal_cortex.o
LOAD build/stm32l4xx_hal_exti.o
LOAD build/stm32l4xx_hal_tim.o
LOAD build/stm32l4xx_hal_tim_ex.o
LOAD build/stm32l4xx_hal_uart.o
LOAD build/stm32l4xx_hal_uart_ex.o
LOAD build/system_stm32l4xx.o
LOAD build/board.o
LOAD build/clock.o
LOAD build/components.o
LOAD build/idle.o
LOAD build/ipc.o
LOAD build/irq.o
LOAD build/kservice.o
LOAD build/mem.o
LOAD build/object.o
LOAD build/scheduler.o
LOAD build/thread.o
LOAD build/timer.o
LOAD build/cpuport.o
LOAD build/startup_stm32l476xx.o
LOAD c:/st/stm32cubeide_1.5.0/stm32cubeide/plugins/com.st.stm32cube.ide.mcu.externaltools.gnu-tools-for-stm32.7-2018-q2-update.win32_1.5.0.202011040924/tools/bin/../lib/gcc/arm-none-eabi/7.3.1/../../../../arm-none-eabi/lib/thumb/v7e-m/fpv4-sp/hard\libc_nano.a
LOAD c:/st/stm32cubeide_1.5.0/stm32cubeide/plugins/com.st.stm32cube.ide.mcu.externaltools.gnu-tools-for-stm32.7-2018-q2-update.win32_1.5.0.202011040924/tools/bin/../lib/gcc/arm-none-eabi/7.3.1/../../../../arm-none-eabi/lib/thumb/v7e-m/fpv4-sp/hard\libm.a
LOAD c:/st/stm32cubeide_1.5.0/stm32cubeide/plugins/com.st.stm32cube.ide.mcu.externaltools.gnu-tools-for-stm32.7-2018-q2-update.win32_1.5.0.202011040924/tools/bin/../lib/gcc/arm-none-eabi/7.3.1/../../../../arm-none-eabi/lib/thumb/v7e-m/fpv4-sp/hard\libnosys.a
START GROUP
LOAD c:/st/stm32cubeide_1.5.0/stm32cubeide/plugins/com.st.stm32cube.ide.mcu.externaltools.gnu-tools-for-stm32.7-2018-q2-update.win32_1.5.0.202011040924/tools/bin/../lib/gcc/arm-none-eabi/7.3.1/thumb/v7e-m/fpv4-sp/hard\libgcc.a
LOAD c:/st/stm32cubeide_1.5.0/stm32cubeide/plugins/com.st.stm32cube.ide.mcu.externaltools.gnu-tools-for-stm32.7-2018-q2-update.win32_1.5.0.202011040924/tools/bin/../lib/gcc/arm-none-eabi/7.3.1/../../../../arm-none-eabi/lib/thumb/v7e-m/fpv4-sp/hard\libc_nano.a
END GROUP
START GROUP
LOAD c:/st/stm32cubeide_1.5.0/stm32cubeide/plugins/com.st.stm32cube.ide.mcu.externaltools.gnu-tools-for-stm32.7-2018-q2-update.win32_1.5.0.202011040924/tools/bin/../lib/gcc/arm-none-eabi/7.3.1/thumb/v7e-m/fpv4-sp/hard\libgcc.a
LOAD c:/st/stm32cubeide_1.5.0/stm32cubeide/plugins/com.st.stm32cube.ide.mcu.externaltools.gnu-tools-for-stm32.7-2018-q2-update.win32_1.5.0.202011040924/tools/bin/../lib/gcc/arm-none-eabi/7.3.1/../../../../arm-none-eabi/lib/thumb/v7e-m/fpv4-sp/hard\libc_nano.a
END GROUP
LOAD c:/st/stm32cubeide_1.5.0/stm32cubeide/plugins/com.st.stm32cube.ide.mcu.externaltools.gnu-tools-for-stm32.7-2018-q2-update.win32_1.5.0.202011040924/tools/bin/../lib/gcc/arm-none-eabi/7.3.1/thumb/v7e-m/fpv4-sp/hard/crtend.o
LOAD c:/st/stm32cubeide_1.5.0/stm32cubeide/plugins/com.st.stm32cube.ide.mcu.externaltools.gnu-tools-for-stm32.7-2018-q2-update.win32_1.5.0.202011040924/tools/bin/../lib/gcc/arm-none-eabi/7.3.1/thumb/v7e-m/fpv4-sp/hard/crtn.o
                0x0000000020018000                _estack = 0x20018000
                0x0000000000000200                _Min_Heap_Size = 0x200
                0x0000000000000400                _Min_Stack_Size = 0x400

.isr_vector     0x0000000008000000      0x188
                0x0000000008000000                . = ALIGN (0x8)
 *(.isr_vector)
 .isr_vector    0x0000000008000000      0x188 build/startup_stm32l476xx.o
                0x0000000008000000                g_pfnVectors
                0x0000000008000188                . = ALIGN (0x8)

.text           0x0000000008000188     0x3000
                0x0000000008000188                . = ALIGN (0x8)
 *(.text)
 .text          0x0000000008000188       0x40 c:/st/stm32cubeide_1.5.0/stm32cubeide/plugins/com.st.stm32cube.ide.mcu.externaltools.gnu-tools-for-stm32.7-2018-q2-update.win32_1.5.0.202011040924/tools/bin/../lib/gcc/arm-none-eabi/7.3.1/thumb/v7e-m/fpv4-sp/hard/crtbegin.o
 .text          0x00000000080001c8       0x30 c:/st/stm32cubeide_1.5.0/stm32cubeide/plugins/com.st.stm32cube.ide.mcu.externaltools.gnu-tools-for-stm32.7-2018-q2-update.win32_1.5.0.202011040924/tools/bin/../lib/gcc/arm-none-eabi/7.3.1/thumb/v7e-m/fpv4-sp/hard\libgcc.a(_aeabi_uldivmod.o)
                0x00000000080001c8                __aeabi_uldivmod
 .text          0x00000000080001f8      0x2cc c:/st/stm32cubeide_1.5.0/stm32cubeide/plugins/com.st.stm32cube.ide.mcu.externaltools.gnu-tools-for-stm32.7-2018-q2-update.win32_1.5.0.202011040924/tools/bin/../lib/gcc/arm-none-eabi/7.3.1/thumb/v7e-m/fpv4-sp/hard\libgcc.a(_udivmoddi4.o)
                0x00000000080001f8                __udivmoddi4
 .text          0x00000000080004c4        0x4 c:/st/stm32cubeide_1.5.0/stm32cubeide/plugins/com.st.stm32cube.ide.mcu.externaltools.gnu-tools-for-stm32.7-2018-q2-update.win32_1.5.0.202011040924/tools/bin/../lib/gcc/arm-none-eabi/7.3.1/thumb/v7e-m/fpv4-sp/hard\libgcc.a(_dvmd_tls.o)
                0x00000000080004c4                __aeabi_idiv0
                0x00000000080004c4                __aeabi_ldiv0
 *(.text*)
 .text.MX_GPIO_Init
                0x00000000080004c8       0xa0 build/main.o
 .text.Error_Handler
                0x0000000008000568        0x4 build/main.o
                0x0000000008000568                Error_Handler
 .text.MX_USART2_UART_Init
                0x000000000800056c       0x38 build/main.o
 .text.SystemClock_Config
                0x00000000080005a4       0x96 build/main.o
                0x00000000080005a4                SystemClock_Config
 .text.main     0x000000000800063a       0x1e build/main.o
                0x000000000800063a                main
 .text.NMI_Handler
                0x0000000008000658        0x2 build/stm32l4xx_it.o
                0x0000000008000658                NMI_Handler
 .text.MemManage_Handler
                0x000000000800065a        0x2 build/stm32l4xx_it.o
                0x000000000800065a                MemManage_Handler
 .text.BusFault_Handler
                0x000000000800065c        0x2 build/stm32l4xx_it.o
                0x000000000800065c                BusFault_Handler
 .text.UsageFault_Handler
                0x000000000800065e        0x2 build/stm32l4xx_it.o
                0x000000000800065e                UsageFault_Handler
 .text.DebugMon_Handler
                0x0000000008000660        0x2 build/stm32l4xx_it.o
                0x0000000008000660                DebugMon_Handler
 *fill*         0x0000000008000662        0x2 
 .text.HAL_MspInit
                0x0000000008000664       0x30 build/stm32l4xx_hal_msp.o
                0x0000000008000664                HAL_MspInit
 .text.HAL_UART_MspInit
                0x0000000008000694       0x68 build/stm32l4xx_hal_msp.o
                0x0000000008000694                HAL_UART_MspInit
 .text.HAL_InitTick
                0x00000000080006fc       0x50 build/stm32l4xx_hal.o
                0x00000000080006fc                HAL_InitTick
 .text.HAL_Init
                0x000000000800074c       0x2c build/stm32l4xx_hal.o
                0x000000000800074c                HAL_Init
 .text.HAL_GetTick
                0x0000000008000778        0xc build/stm32l4xx_hal.o
                0x0000000008000778                HAL_GetTick
 .text.RCC_SetFlashLatencyFromMSIRange
                0x0000000008000784       0x90 build/stm32l4xx_hal_rcc.o
 .text.HAL_RCC_GetSysClockFreq
                0x0000000008000814       0xb4 build/stm32l4xx_hal_rcc.o
                0x0000000008000814                HAL_RCC_GetSysClockFreq
 .text.HAL_RCC_OscConfig
                0x00000000080008c8      0x638 build/stm32l4xx_hal_rcc.o
                0x00000000080008c8                HAL_RCC_OscConfig
 .text.HAL_RCC_ClockConfig
                0x0000000008000f00      0x158 build/stm32l4xx_hal_rcc.o
                0x0000000008000f00                HAL_RCC_ClockConfig
 .text.HAL_RCC_GetHCLKFreq
                0x0000000008001058        0xc build/stm32l4xx_hal_rcc.o
                0x0000000008001058                HAL_RCC_GetHCLKFreq
 .text.HAL_RCC_GetPCLK1Freq
                0x0000000008001064       0x24 build/stm32l4xx_hal_rcc.o
                0x0000000008001064                HAL_RCC_GetPCLK1Freq
 .text.HAL_RCC_GetPCLK2Freq
                0x0000000008001088       0x24 build/stm32l4xx_hal_rcc.o
                0x0000000008001088                HAL_RCC_GetPCLK2Freq
 .text.RCCEx_PLLSAI1_Config
                0x00000000080010ac      0x170 build/stm32l4xx_hal_rcc_ex.o
 .text.RCCEx_PLLSAI2_Config
                0x000000000800121c      0x14c build/stm32l4xx_hal_rcc_ex.o
 .text.HAL_RCCEx_PeriphCLKConfig
                0x0000000008001368      0x450 build/stm32l4xx_hal_rcc_ex.o
                0x0000000008001368                HAL_RCCEx_PeriphCLKConfig
 .text.HAL_GPIO_Init
                0x00000000080017b8      0x1c8 build/stm32l4xx_hal_gpio.o
                0x00000000080017b8                HAL_GPIO_Init
 .text.HAL_GPIO_WritePin
                0x0000000008001980        0xa build/stm32l4xx_hal_gpio.o
                0x0000000008001980                HAL_GPIO_WritePin
 .text.HAL_GPIO_TogglePin
                0x000000000800198a       0x12 build/stm32l4xx_hal_gpio.o
                0x000000000800198a                HAL_GPIO_TogglePin
 .text.HAL_PWREx_GetVoltageRange
                0x000000000800199c       0x10 build/stm32l4xx_hal_pwr_ex.o
                0x000000000800199c                HAL_PWREx_GetVoltageRange
 .text.HAL_PWREx_ControlVoltageScaling
                0x00000000080019ac       0x90 build/stm32l4xx_hal_pwr_ex.o
                0x00000000080019ac                HAL_PWREx_ControlVoltageScaling
 .text.HAL_NVIC_SetPriorityGrouping
                0x0000000008001a3c       0x24 build/stm32l4xx_hal_cortex.o
                0x0000000008001a3c                HAL_NVIC_SetPriorityGrouping
 .text.HAL_NVIC_SetPriority
                0x0000000008001a60       0x68 build/stm32l4xx_hal_cortex.o
                0x0000000008001a60                HAL_NVIC_SetPriority
 .text.HAL_SYSTICK_Config
                0x0000000008001ac8       0x2c build/stm32l4xx_hal_cortex.o
                0x0000000008001ac8                HAL_SYSTICK_Config
 .text.UART_SetConfig
                0x0000000008001af4      0x324 build/stm32l4xx_hal_uart.o
                0x0000000008001af4                UART_SetConfig
 .text.UART_AdvFeatureConfig
                0x0000000008001e18       0xca build/stm32l4xx_hal_uart.o
                0x0000000008001e18                UART_AdvFeatureConfig
 .text.UART_WaitOnFlagUntilTimeout
                0x0000000008001ee2       0x9c build/stm32l4xx_hal_uart.o
                0x0000000008001ee2                UART_WaitOnFlagUntilTimeout
 .text.UART_CheckIdleState
                0x0000000008001f7e       0x6c build/stm32l4xx_hal_uart.o
                0x0000000008001f7e                UART_CheckIdleState
 .text.HAL_UART_Init
                0x0000000008001fea       0x62 build/stm32l4xx_hal_uart.o
                0x0000000008001fea                HAL_UART_Init
 .text.SystemInit
                0x000000000800204c       0x48 build/system_stm32l4xx.o
                0x000000000800204c                SystemInit
 .text.SystemCoreClockUpdate
                0x0000000008002094       0xd8 build/system_stm32l4xx.o
                0x0000000008002094                SystemCoreClockUpdate
 .text._SysTick_Config
                0x000000000800216c       0x2c build/board.o
 .text.rt_hw_board_init
                0x0000000008002198       0x24 build/board.o
                0x0000000008002198                rt_hw_board_init
 .text.SysTick_Handler
                0x00000000080021bc       0x10 build/board.o
                0x00000000080021bc                SysTick_Handler
 .text.rt_tick_get
                0x00000000080021cc        0xc build/clock.o
                0x00000000080021cc                rt_tick_get
 .text.rt_tick_increase
                0x00000000080021d8       0x2c build/clock.o
                0x00000000080021d8                rt_tick_increase
 .text.rti_board_start
                0x0000000008002204        0x4 build/components.o
 .text.rti_board_end
                0x0000000008002208        0x4 build/components.o
 .text.rti_end  0x000000000800220c        0x4 build/components.o
 .text.rt_components_board_init
                0x0000000008002210       0x1c build/components.o
                0x0000000008002210                rt_components_board_init
 .text.rt_components_init
                0x000000000800222c       0x1c build/components.o
                0x000000000800222c                rt_components_init
 .text.main_thread_entry
                0x0000000008002248        0xc build/components.o
                0x0000000008002248                main_thread_entry
 .text.rt_application_init
                0x0000000008002254       0x40 build/components.o
                0x0000000008002254                rt_application_init
 .text.rtthread_startup
                0x0000000008002294       0x2a build/components.o
                0x0000000008002294                rtthread_startup
 .text.entry    0x00000000080022be        0xa build/components.o
                0x00000000080022be                entry
 .text.rt_thread_idle_excute
                0x00000000080022c8       0x78 build/idle.o
                0x00000000080022c8                rt_thread_idle_excute
 .text.rt_thread_idle_entry
                0x0000000008002340        0x8 build/idle.o
 .text.rt_thread_idle_init
                0x0000000008002348       0x3c build/idle.o
                0x0000000008002348                rt_thread_idle_init
 .text.rt_interrupt_enter
                0x0000000008002384       0x1c build/irq.o
                0x0000000008002384                rt_interrupt_enter
 .text.rt_interrupt_leave
                0x00000000080023a0       0x1c build/irq.o
                0x00000000080023a0                rt_interrupt_leave
 .text.print_number
                0x00000000080023bc      0x16c build/kservice.o
 .text.rt_memset
                0x0000000008002528       0x52 build/kservice.o
                0x0000000008002528                rt_memset
 .text.rt_strncpy
                0x000000000800257a       0x2c build/kservice.o
                0x000000000800257a                rt_strncpy
 .text.rt_strlen
                0x00000000080025a6       0x10 build/kservice.o
                0x00000000080025a6                rt_strlen
 *fill*         0x00000000080025b6        0x2 
 .text.rt_vsnprintf
                0x00000000080025b8      0x314 build/kservice.o
                0x00000000080025b8                rt_vsnprintf
 .text.rt_hw_console_output
                0x00000000080028cc        0x2 build/kservice.o
                0x00000000080028cc                rt_hw_console_output
 *fill*         0x00000000080028ce        0x2 
 .text.rt_kprintf
                0x00000000080028d0       0x2c build/kservice.o
                0x00000000080028d0                rt_kprintf
 .text.rt_show_version
                0x00000000080028fc       0x40 build/kservice.o
                0x00000000080028fc                rt_show_version
 .text.__rt_ffs
                0x000000000800293c       0x44 build/kservice.o
                0x000000000800293c                __rt_ffs
 .text.rt_object_get_information
                0x0000000008002980       0x24 build/object.o
                0x0000000008002980                rt_object_get_information
 .text.rt_object_init
                0x00000000080029a4       0x52 build/object.o
                0x00000000080029a4                rt_object_init
 .text.rt_object_detach
                0x00000000080029f6       0x26 build/object.o
                0x00000000080029f6                rt_object_detach
 .text.rt_object_is_systemobject
                0x0000000008002a1c       0x10 build/object.o
                0x0000000008002a1c                rt_object_is_systemobject
 .text.rt_system_scheduler_init
                0x0000000008002a2c       0x4c build/scheduler.o
                0x0000000008002a2c                rt_system_scheduler_init
 .text.rt_system_scheduler_start
                0x0000000008002a78       0x30 build/scheduler.o
                0x0000000008002a78                rt_system_scheduler_start
 .text.rt_schedule
                0x0000000008002aa8       0x78 build/scheduler.o
                0x0000000008002aa8                rt_schedule
 .text.rt_schedule_insert_thread
                0x0000000008002b20       0x4c build/scheduler.o
                0x0000000008002b20                rt_schedule_insert_thread
 .text.rt_schedule_remove_thread
                0x0000000008002b6c       0x4c build/scheduler.o
                0x0000000008002b6c                rt_schedule_remove_thread
 .text.rt_enter_critical
                0x0000000008002bb8       0x18 build/scheduler.o
                0x0000000008002bb8                rt_enter_critical
 .text.rt_exit_critical
                0x0000000008002bd0       0x3c build/scheduler.o
                0x0000000008002bd0                rt_exit_critical
 .text.rt_thread_exit
                0x0000000008002c0c       0x5c build/thread.o
                0x0000000008002c0c                rt_thread_exit
 .text._rt_thread_init
                0x0000000008002c68       0x78 build/thread.o
 .text.rt_thread_timeout
                0x0000000008002ce0       0x26 build/thread.o
                0x0000000008002ce0                rt_thread_timeout
 .text.rt_thread_init
                0x0000000008002d06       0x36 build/thread.o
                0x0000000008002d06                rt_thread_init
 .text.rt_thread_self
                0x0000000008002d3c        0xc build/thread.o
                0x0000000008002d3c                rt_thread_self
 .text.rt_thread_yield
                0x0000000008002d48       0x60 build/thread.o
                0x0000000008002d48                rt_thread_yield
 .text.rt_thread_resume
                0x0000000008002da8       0x48 build/thread.o
                0x0000000008002da8                rt_thread_resume
 .text.rt_thread_startup
                0x0000000008002df0       0x28 build/thread.o
                0x0000000008002df0                rt_thread_startup
 .text._rt_timer_init
                0x0000000008002e18       0x32 build/timer.o
 .text.rt_timer_init
                0x0000000008002e4a       0x28 build/timer.o
                0x0000000008002e4a                rt_timer_init
 .text.rt_timer_detach
                0x0000000008002e72       0x38 build/timer.o
                0x0000000008002e72                rt_timer_detach
 *fill*         0x0000000008002eaa        0x2 
 .text.rt_timer_start
                0x0000000008002eac       0xc0 build/timer.o
                0x0000000008002eac                rt_timer_start
 .text.rt_timer_stop
                0x0000000008002f6c       0x48 build/timer.o
                0x0000000008002f6c                rt_timer_stop
 .text.rt_timer_check
                0x0000000008002fb4       0x9c build/timer.o
                0x0000000008002fb4                rt_timer_check
 .text.rt_system_timer_init
                0x0000000008003050       0x1c build/timer.o
                0x0000000008003050                rt_system_timer_init
 .text.rt_system_timer_thread_init
                0x000000000800306c        0x2 build/timer.o
                0x000000000800306c                rt_system_timer_thread_init
 *fill*         0x000000000800306e        0x2 
 .text.rt_hw_stack_init
                0x0000000008003070       0x50 build/cpuport.o
                0x0000000008003070                rt_hw_stack_init
 .text.Reset_Handler
                0x00000000080030c0       0x50 build/startup_stm32l476xx.o
                0x00000000080030c0                Reset_Handler
 .text.Default_Handler
                0x0000000008003110        0x2 build/startup_stm32l476xx.o
                0x0000000008003110                RTC_Alarm_IRQHandler
                0x0000000008003110                EXTI2_IRQHandler
                0x0000000008003110                TIM8_TRG_COM_IRQHandler
                0x0000000008003110                TIM8_CC_IRQHandler
                0x0000000008003110                TIM1_CC_IRQHandler
                0x0000000008003110                TSC_IRQHandler
                0x0000000008003110                HardFault_Handler
                0x0000000008003110                TAMP_STAMP_IRQHandler
                0x0000000008003110                PendSV_Handler
                0x0000000008003110                EXTI3_IRQHandler
                0x0000000008003110                LPTIM2_IRQHandler
                0x0000000008003110                DFSDM1_FLT1_IRQHandler
                0x0000000008003110                I2C3_ER_IRQHandler
                0x0000000008003110                DFSDM1_FLT2_IRQHandler
                0x0000000008003110                EXTI0_IRQHandler
                0x0000000008003110                I2C2_EV_IRQHandler
                0x0000000008003110                CAN1_RX0_IRQHandler
                0x0000000008003110                FPU_IRQHandler
                0x0000000008003110                TIM1_UP_TIM16_IRQHandler
                0x0000000008003110                ADC1_2_IRQHandler
                0x0000000008003110                SPI1_IRQHandler
                0x0000000008003110                TIM6_DAC_IRQHandler
                0x0000000008003110                TIM8_UP_IRQHandler
                0x0000000008003110                DMA2_Channel2_IRQHandler
                0x0000000008003110                DMA1_Channel4_IRQHandler
                0x0000000008003110                SAI2_IRQHandler
                0x0000000008003110                DFSDM1_FLT3_IRQHandler
                0x0000000008003110                USART3_IRQHandler
                0x0000000008003110                DMA1_Channel7_IRQHandler
                0x0000000008003110                CAN1_RX1_IRQHandler
                0x0000000008003110                LCD_IRQHandler
                0x0000000008003110                UART5_IRQHandler
                0x0000000008003110                ADC3_IRQHandler
                0x0000000008003110                TIM4_IRQHandler
                0x0000000008003110                DMA2_Channel1_IRQHandler
                0x0000000008003110                QUADSPI_IRQHandler
                0x0000000008003110                I2C1_EV_IRQHandler
                0x0000000008003110                DMA1_Channel6_IRQHandler
                0x0000000008003110                UART4_IRQHandler
                0x0000000008003110                DMA2_Channel4_IRQHandler
                0x0000000008003110                TIM3_IRQHandler
                0x0000000008003110                RCC_IRQHandler
                0x0000000008003110                DMA1_Channel1_IRQHandler
                0x0000000008003110                Default_Handler
                0x0000000008003110                DMA2_Channel7_IRQHandler
                0x0000000008003110                EXTI15_10_IRQHandler
                0x0000000008003110                TIM7_IRQHandler
                0x0000000008003110                SDMMC1_IRQHandler
                0x0000000008003110                TIM5_IRQHandler
                0x0000000008003110                I2C3_EV_IRQHandler
                0x0000000008003110                EXTI9_5_IRQHandler
                0x0000000008003110                RTC_WKUP_IRQHandler
                0x0000000008003110                PVD_PVM_IRQHandler
                0x0000000008003110                SPI2_IRQHandler
                0x0000000008003110                CAN1_TX_IRQHandler
                0x0000000008003110                SVC_Handler
                0x0000000008003110                DMA2_Channel5_IRQHandler
                0x0000000008003110                DMA1_Channel5_IRQHandler
                0x0000000008003110                EXTI4_IRQHandler
                0x0000000008003110                RNG_IRQHandler
                0x0000000008003110                TIM1_TRG_COM_TIM17_IRQHandler
                0x0000000008003110                DMA1_Channel3_IRQHandler
                0x0000000008003110                COMP_IRQHandler
                0x0000000008003110                WWDG_IRQHandler
                0x0000000008003110                LPUART1_IRQHandler
                0x0000000008003110                DMA2_Channel6_IRQHandler
                0x0000000008003110                TIM2_IRQHandler
                0x0000000008003110                EXTI1_IRQHandler
                0x0000000008003110                USART2_IRQHandler
                0x0000000008003110                DFSDM1_FLT0_IRQHandler
                0x0000000008003110                I2C2_ER_IRQHandler
                0x0000000008003110                DMA1_Channel2_IRQHandler
                0x0000000008003110                TIM8_BRK_IRQHandler
                0x0000000008003110                CAN1_SCE_IRQHandler
                0x0000000008003110                FLASH_IRQHandler
                0x0000000008003110                USART1_IRQHandler
                0x0000000008003110                OTG_FS_IRQHandler
                0x0000000008003110                SPI3_IRQHandler
                0x0000000008003110                I2C1_ER_IRQHandler
                0x0000000008003110                FMC_IRQHandler
                0x0000000008003110                SWPMI1_IRQHandler
                0x0000000008003110                LPTIM1_IRQHandler
                0x0000000008003110                SAI1_IRQHandler
                0x0000000008003110                DMA2_Channel3_IRQHandler
                0x0000000008003110                TIM1_BRK_TIM15_IRQHandler
 *fill*         0x0000000008003112        0x2 
 .text.__libc_init_array
                0x0000000008003114       0x48 c:/st/stm32cubeide_1.5.0/stm32cubeide/plugins/com.st.stm32cube.ide.mcu.externaltools.gnu-tools-for-stm32.7-2018-q2-update.win32_1.5.0.202011040924/tools/bin/../lib/gcc/arm-none-eabi/7.3.1/../../../../arm-none-eabi/lib/thumb/v7e-m/fpv4-sp/hard\libc_nano.a(lib_a-init.o)
                0x0000000008003114                __libc_init_array
 .text.memset   0x000000000800315c       0x10 c:/st/stm32cubeide_1.5.0/stm32cubeide/plugins/com.st.stm32cube.ide.mcu.externaltools.gnu-tools-for-stm32.7-2018-q2-update.win32_1.5.0.202011040924/tools/bin/../lib/gcc/arm-none-eabi/7.3.1/../../../../arm-none-eabi/lib/thumb/v7e-m/fpv4-sp/hard\libc_nano.a(lib_a-memset.o)
                0x000000000800315c                memset
 *(.glue_7)
 .glue_7        0x000000000800316c        0x0 linker stubs
 *(.glue_7t)
 .glue_7t       0x000000000800316c        0x0 linker stubs
 *(.eh_frame)
 .eh_frame      0x000000000800316c        0x0 c:/st/stm32cubeide_1.5.0/stm32cubeide/plugins/com.st.stm32cube.ide.mcu.externaltools.gnu-tools-for-stm32.7-2018-q2-update.win32_1.5.0.202011040924/tools/bin/../lib/gcc/arm-none-eabi/7.3.1/thumb/v7e-m/fpv4-sp/hard/crtbegin.o
 *(.init)
 .init          0x000000000800316c        0x4 c:/st/stm32cubeide_1.5.0/stm32cubeide/plugins/com.st.stm32cube.ide.mcu.externaltools.gnu-tools-for-stm32.7-2018-q2-update.win32_1.5.0.202011040924/tools/bin/../lib/gcc/arm-none-eabi/7.3.1/thumb/v7e-m/fpv4-sp/hard/crti.o
                0x000000000800316c                _init
 .init          0x0000000008003170        0x8 c:/st/stm32cubeide_1.5.0/stm32cubeide/plugins/com.st.stm32cube.ide.mcu.externaltools.gnu-tools-for-stm32.7-2018-q2-update.win32_1.5.0.202011040924/tools/bin/../lib/gcc/arm-none-eabi/7.3.1/thumb/v7e-m/fpv4-sp/hard/crtn.o
 *(.fini)
 .fini          0x0000000008003178        0x4 c:/st/stm32cubeide_1.5.0/stm32cubeide/plugins/com.st.stm32cube.ide.mcu.externaltools.gnu-tools-for-stm32.7-2018-q2-update.win32_1.5.0.202011040924/tools/bin/../lib/gcc/arm-none-eabi/7.3.1/thumb/v7e-m/fpv4-sp/hard/crti.o
                0x0000000008003178                _fini
 .fini          0x000000000800317c        0x8 c:/st/stm32cubeide_1.5.0/stm32cubeide/plugins/com.st.stm32cube.ide.mcu.externaltools.gnu-tools-for-stm32.7-2018-q2-update.win32_1.5.0.202011040924/tools/bin/../lib/gcc/arm-none-eabi/7.3.1/thumb/v7e-m/fpv4-sp/hard/crtn.o
                0x0000000008003188                . = ALIGN (0x8)
 *fill*         0x0000000008003184        0x4 
                0x0000000008003188                _etext = .

.vfp11_veneer   0x0000000008003188        0x0
 .vfp11_veneer  0x0000000008003188        0x0 linker stubs

.v4_bx          0x0000000008003188        0x0
 .v4_bx         0x0000000008003188        0x0 linker stubs

.iplt           0x0000000008003188        0x0
 .iplt          0x0000000008003188        0x0 c:/st/stm32cubeide_1.5.0/stm32cubeide/plugins/com.st.stm32cube.ide.mcu.externaltools.gnu-tools-for-stm32.7-2018-q2-update.win32_1.5.0.202011040924/tools/bin/../lib/gcc/arm-none-eabi/7.3.1/thumb/v7e-m/fpv4-sp/hard/crtbegin.o

.rodata         0x0000000008003188      0x210
                0x0000000008003188                . = ALIGN (0x8)
 *(.rodata)
 *(.rodata*)
 .rodata.AHBPrescTable
                0x0000000008003188       0x10 build/system_stm32l4xx.o
                0x0000000008003188                AHBPrescTable
 .rodata.APBPrescTable
                0x0000000008003198        0x8 build/system_stm32l4xx.o
                0x0000000008003198                APBPrescTable
 .rodata.MSIRangeTable
                0x00000000080031a0       0x30 build/system_stm32l4xx.o
                0x00000000080031a0                MSIRangeTable
 .rodata.rt_application_init.str1.4
                0x00000000080031d0        0x5 build/components.o
 *fill*         0x00000000080031d5        0x3 
 .rodata.rt_thread_idle_init.str1.4
                0x00000000080031d8        0x6 build/idle.o
 *fill*         0x00000000080031de        0x2 
 .rodata.__lowest_bit_bitmap
                0x00000000080031e0      0x100 build/kservice.o
                0x00000000080031e0                __lowest_bit_bitmap
 .rodata.large_digits.6020
                0x00000000080032e0       0x11 build/kservice.o
 *fill*         0x00000000080032f1        0x3 
 .rodata.rt_show_version.str1.4
                0x00000000080032f4       0x86 build/kservice.o
 *fill*         0x000000000800337a        0x2 
 .rodata.rt_vsnprintf.str1.4
                0x000000000800337c        0x8 build/kservice.o
                                          0x7 (size before relaxing)
 .rodata.small_digits.6019
                0x0000000008003384       0x11 build/kservice.o
                0x0000000008003398                . = ALIGN (0x8)
 *fill*         0x0000000008003395        0x3 

.rti_fn.0.end   0x0000000008003398        0x4
 .rti_fn.0.end  0x0000000008003398        0x4 build/components.o
                0x0000000008003398                __rt_init_rti_board_start

.rti_fn.1.end   0x000000000800339c        0x4
 .rti_fn.1.end  0x000000000800339c        0x4 build/components.o
                0x000000000800339c                __rt_init_rti_board_end

.rti_fn.6.end   0x00000000080033a0        0x4
 .rti_fn.6.end  0x00000000080033a0        0x4 build/components.o
                0x00000000080033a0                __rt_init_rti_end

.ARM.extab      0x00000000080033a4        0x4
                0x00000000080033a8                . = ALIGN (0x8)
 *fill*         0x00000000080033a4        0x4 
 *(.ARM.extab* .gnu.linkonce.armextab.*)
                0x00000000080033a8                . = ALIGN (0x8)

.ARM            0x00000000080033a8        0x8
                0x00000000080033a8                . = ALIGN (0x8)
                0x00000000080033a8                __exidx_start = .
 *(.ARM.exidx*)
 .ARM.exidx     0x00000000080033a8        0x8 c:/st/stm32cubeide_1.5.0/stm32cubeide/plugins/com.st.stm32cube.ide.mcu.externaltools.gnu-tools-for-stm32.7-2018-q2-update.win32_1.5.0.202011040924/tools/bin/../lib/gcc/arm-none-eabi/7.3.1/thumb/v7e-m/fpv4-sp/hard\libgcc.a(_udivmoddi4.o)
                0x00000000080033b0                __exidx_end = .
                0x00000000080033b0                . = ALIGN (0x8)

.rel.dyn        0x00000000080033b0        0x0
 .rel.iplt      0x00000000080033b0        0x0 c:/st/stm32cubeide_1.5.0/stm32cubeide/plugins/com.st.stm32cube.ide.mcu.externaltools.gnu-tools-for-stm32.7-2018-q2-update.win32_1.5.0.202011040924/tools/bin/../lib/gcc/arm-none-eabi/7.3.1/thumb/v7e-m/fpv4-sp/hard/crtbegin.o

.preinit_array  0x00000000080033b0        0x0
                0x00000000080033b0                . = ALIGN (0x8)
                0x00000000080033b0                PROVIDE (__preinit_array_start = .)
 *(.preinit_array*)
                0x00000000080033b0                PROVIDE (__preinit_array_end = .)
                0x00000000080033b0                . = ALIGN (0x8)

.init_array     0x00000000080033b0        0x8
                0x00000000080033b0                . = ALIGN (0x8)
                0x00000000080033b0                PROVIDE (__init_array_start = .)
 *(SORT_BY_NAME(.init_array.*))
 *(.init_array*)
 .init_array    0x00000000080033b0        0x4 c:/st/stm32cubeide_1.5.0/stm32cubeide/plugins/com.st.stm32cube.ide.mcu.externaltools.gnu-tools-for-stm32.7-2018-q2-update.win32_1.5.0.202011040924/tools/bin/../lib/gcc/arm-none-eabi/7.3.1/thumb/v7e-m/fpv4-sp/hard/crtbegin.o
                0x00000000080033b4                PROVIDE (__init_array_end = .)
                0x00000000080033b8                . = ALIGN (0x8)
 *fill*         0x00000000080033b4        0x4 

.fini_array     0x00000000080033b8        0x8
                0x00000000080033b8                . = ALIGN (0x8)
                [!provide]                        PROVIDE (__fini_array_start = .)
 *(SORT_BY_NAME(.fini_array.*))
 *(.fini_array*)
 .fini_array    0x00000000080033b8        0x4 c:/st/stm32cubeide_1.5.0/stm32cubeide/plugins/com.st.stm32cube.ide.mcu.externaltools.gnu-tools-for-stm32.7-2018-q2-update.win32_1.5.0.202011040924/tools/bin/../lib/gcc/arm-none-eabi/7.3.1/thumb/v7e-m/fpv4-sp/hard/crtbegin.o
                [!provide]                        PROVIDE (__fini_array_end = .)
                0x00000000080033c0                . = ALIGN (0x8)
 *fill*         0x00000000080033bc        0x4 
                0x00000000080033c0                _sidata = LOADADDR (.data)

.data           0x0000000020000000       0x40 load address 0x00000000080033c0
                0x0000000020000000                . = ALIGN (0x8)
                0x0000000020000000                _sdata = .
 *(.data)
 *(.data*)
 .data.uwTickFreq
                0x0000000020000000        0x1 build/stm32l4xx_hal.o
                0x0000000020000000                uwTickFreq
 *fill*         0x0000000020000001        0x3 
 .data.uwTickPrio
                0x0000000020000004        0x4 build/stm32l4xx_hal.o
                0x0000000020000004                uwTickPrio
 .data.SystemCoreClock
                0x0000000020000008        0x4 build/system_stm32l4xx.o
                0x0000000020000008                SystemCoreClock
 .data.rt_object_container
                0x000000002000000c       0x30 build/object.o
                0x0000000020000040                . = ALIGN (0x8)
 *fill*         0x000000002000003c        0x4 
                0x0000000020000040                _edata = .

.igot.plt       0x0000000020000040        0x0 load address 0x0000000008003400
 .igot.plt      0x0000000020000040        0x0 c:/st/stm32cubeide_1.5.0/stm32cubeide/plugins/com.st.stm32cube.ide.mcu.externaltools.gnu-tools-for-stm32.7-2018-q2-update.win32_1.5.0.202011040924/tools/bin/../lib/gcc/arm-none-eabi/7.3.1/thumb/v7e-m/fpv4-sp/hard/crtbegin.o
                0x0000000020000040                . = ALIGN (0x4)

.bss            0x0000000020000040      0x7bc load address 0x0000000008003400
                0x0000000020000040                _sbss = .
                0x0000000020000040                __bss_start__ = _sbss
 *(.bss)
 .bss           0x0000000020000040       0x1c c:/st/stm32cubeide_1.5.0/stm32cubeide/plugins/com.st.stm32cube.ide.mcu.externaltools.gnu-tools-for-stm32.7-2018-q2-update.win32_1.5.0.202011040924/tools/bin/../lib/gcc/arm-none-eabi/7.3.1/thumb/v7e-m/fpv4-sp/hard/crtbegin.o
 *(.bss*)
 .bss.rt_tick   0x000000002000005c        0x4 build/clock.o
 .bss.main_stack
                0x0000000020000060      0x400 build/components.o
 .bss.idle      0x0000000020000460       0x78 build/idle.o
 .bss.rt_thread_stack
                0x00000000200004d8       0x80 build/idle.o
 .bss.rt_log_buf.6121
                0x0000000020000558       0x80 build/kservice.o
 .bss.rt_scheduler_lock_nest
                0x00000000200005d8        0x2 build/scheduler.o
 *fill*         0x00000000200005da        0x2 
 .bss.random_nr.5897
                0x00000000200005dc        0x4 build/timer.o
 .bss.rt_timer_list
                0x00000000200005e0        0x8 build/timer.o
 *(COMMON)
 COMMON         0x00000000200005e8       0x80 build/main.o
                0x00000000200005e8                huart2
 COMMON         0x0000000020000668        0x4 build/stm32l4xx_hal.o
                0x0000000020000668                uwTick
 COMMON         0x000000002000066c       0x78 build/components.o
                0x000000002000066c                main_thread
 COMMON         0x00000000200006e4        0x1 build/irq.o
                0x00000000200006e4                rt_interrupt_nest
 *fill*         0x00000000200006e5        0x3 
 COMMON         0x00000000200006e8      0x114 build/scheduler.o
                0x00000000200006e8                rt_thread_priority_table
                0x00000000200007e8                rt_current_priority
                0x00000000200007ec                rt_current_thread
                0x00000000200007f0                rt_thread_ready_priority_group
                0x00000000200007f4                rt_thread_defunct
                0x00000000200007fc                . = ALIGN (0x4)
                0x00000000200007fc                _ebss = .
                0x00000000200007fc                __bss_end__ = _ebss

._user_heap_stack
                0x00000000200007fc      0x604 load address 0x0000000008003400
                0x0000000020000800                . = ALIGN (0x8)
 *fill*         0x00000000200007fc        0x4 
                [!provide]                        PROVIDE (end = .)
                [!provide]                        PROVIDE (_end = .)
                0x0000000020000a00                . = (. + _Min_Heap_Size)
 *fill*         0x0000000020000800      0x200 
                0x0000000020000e00                . = (. + _Min_Stack_Size)
 *fill*         0x0000000020000a00      0x400 
                0x0000000020000e00                . = ALIGN (0x8)

/DISCARD/
 libc.a(*)
 libm.a(*)
 libgcc.a(*)

.ARM.attributes
                0x0000000000000000       0x30
 *(.ARM.attributes)
 .ARM.attributes
                0x0000000000000000       0x22 c:/st/stm32cubeide_1.5.0/stm32cubeide/plugins/com.st.stm32cube.ide.mcu.externaltools.gnu-tools-for-stm32.7-2018-q2-update.win32_1.5.0.202011040924/tools/bin/../lib/gcc/arm-none-eabi/7.3.1/thumb/v7e-m/fpv4-sp/hard/crti.o
 .ARM.attributes
                0x0000000000000022       0x34 c:/st/stm32cubeide_1.5.0/stm32cubeide/plugins/com.st.stm32cube.ide.mcu.externaltools.gnu-tools-for-stm32.7-2018-q2-update.win32_1.5.0.202011040924/tools/bin/../lib/gcc/arm-none-eabi/7.3.1/thumb/v7e-m/fpv4-sp/hard/crtbegin.o
 .ARM.attributes
                0x0000000000000056       0x39 build/main.o
 .ARM.attributes
                0x000000000000008f       0x39 build/stm32l4xx_it.o
 .ARM.attributes
                0x00000000000000c8       0x39 build/stm32l4xx_hal_msp.o
 .ARM.attributes
                0x0000000000000101       0x39 build/stm32l4xx_hal.o
 .ARM.attributes
                0x000000000000013a       0x39 build/stm32l4xx_hal_rcc.o
 .ARM.attributes
                0x0000000000000173       0x39 build/stm32l4xx_hal_rcc_ex.o
 .ARM.attributes
                0x00000000000001ac       0x39 build/stm32l4xx_hal_gpio.o
 .ARM.attributes
                0x00000000000001e5       0x39 build/stm32l4xx_hal_pwr_ex.o
 .ARM.attributes
                0x000000000000021e       0x39 build/stm32l4xx_hal_cortex.o
 .ARM.attributes
                0x0000000000000257       0x39 build/stm32l4xx_hal_uart.o
 .ARM.attributes
                0x0000000000000290       0x39 build/system_stm32l4xx.o
 .ARM.attributes
                0x00000000000002c9       0x39 build/board.o
 .ARM.attributes
                0x0000000000000302       0x39 build/clock.o
 .ARM.attributes
                0x000000000000033b       0x39 build/components.o
 .ARM.attributes
                0x0000000000000374       0x39 build/idle.o
 .ARM.attributes
                0x00000000000003ad       0x39 build/irq.o
 .ARM.attributes
                0x00000000000003e6       0x39 build/kservice.o
 .ARM.attributes
                0x000000000000041f       0x39 build/object.o
 .ARM.attributes
                0x0000000000000458       0x39 build/scheduler.o
 .ARM.attributes
                0x0000000000000491       0x39 build/thread.o
 .ARM.attributes
                0x00000000000004ca       0x39 build/timer.o
 .ARM.attributes
                0x0000000000000503       0x39 build/cpuport.o
 .ARM.attributes
                0x000000000000053c       0x21 build/startup_stm32l476xx.o
 .ARM.attributes
                0x000000000000055d       0x34 c:/st/stm32cubeide_1.5.0/stm32cubeide/plugins/com.st.stm32cube.ide.mcu.externaltools.gnu-tools-for-stm32.7-2018-q2-update.win32_1.5.0.202011040924/tools/bin/../lib/gcc/arm-none-eabi/7.3.1/../../../../arm-none-eabi/lib/thumb/v7e-m/fpv4-sp/hard\libc_nano.a(lib_a-init.o)
 .ARM.attributes
                0x0000000000000591       0x34 c:/st/stm32cubeide_1.5.0/stm32cubeide/plugins/com.st.stm32cube.ide.mcu.externaltools.gnu-tools-for-stm32.7-2018-q2-update.win32_1.5.0.202011040924/tools/bin/../lib/gcc/arm-none-eabi/7.3.1/../../../../arm-none-eabi/lib/thumb/v7e-m/fpv4-sp/hard\libc_nano.a(lib_a-memset.o)
 .ARM.attributes
                0x00000000000005c5       0x22 c:/st/stm32cubeide_1.5.0/stm32cubeide/plugins/com.st.stm32cube.ide.mcu.externaltools.gnu-tools-for-stm32.7-2018-q2-update.win32_1.5.0.202011040924/tools/bin/../lib/gcc/arm-none-eabi/7.3.1/thumb/v7e-m/fpv4-sp/hard\libgcc.a(_aeabi_uldivmod.o)
 .ARM.attributes
                0x00000000000005e7       0x34 c:/st/stm32cubeide_1.5.0/stm32cubeide/plugins/com.st.stm32cube.ide.mcu.externaltools.gnu-tools-for-stm32.7-2018-q2-update.win32_1.5.0.202011040924/tools/bin/../lib/gcc/arm-none-eabi/7.3.1/thumb/v7e-m/fpv4-sp/hard\libgcc.a(_udivmoddi4.o)
 .ARM.attributes
                0x000000000000061b       0x22 c:/st/stm32cubeide_1.5.0/stm32cubeide/plugins/com.st.stm32cube.ide.mcu.externaltools.gnu-tools-for-stm32.7-2018-q2-update.win32_1.5.0.202011040924/tools/bin/../lib/gcc/arm-none-eabi/7.3.1/thumb/v7e-m/fpv4-sp/hard\libgcc.a(_dvmd_tls.o)
 .ARM.attributes
                0x000000000000063d       0x22 c:/st/stm32cubeide_1.5.0/stm32cubeide/plugins/com.st.stm32cube.ide.mcu.externaltools.gnu-tools-for-stm32.7-2018-q2-update.win32_1.5.0.202011040924/tools/bin/../lib/gcc/arm-none-eabi/7.3.1/thumb/v7e-m/fpv4-sp/hard/crtn.o
OUTPUT(build/Security_Bootloader_Obit.elf elf32-littlearm)

.debug_info     0x0000000000000000     0xf989
 .debug_info    0x0000000000000000     0x1349 build/main.o
 .debug_info    0x0000000000001349      0x33b build/stm32l4xx_it.o
 .debug_info    0x0000000000001684      0xd34 build/stm32l4xx_hal_msp.o
 .debug_info    0x00000000000023b8      0xf45 build/stm32l4xx_hal.o
 .debug_info    0x00000000000032fd     0x10ca build/stm32l4xx_hal_rcc.o
 .debug_info    0x00000000000043c7     0x1469 build/stm32l4xx_hal_rcc_ex.o
 .debug_info    0x0000000000005830      0xaac build/stm32l4xx_hal_gpio.o
 .debug_info    0x00000000000062dc      0xceb build/stm32l4xx_hal_pwr_ex.o
 .debug_info    0x0000000000006fc7     0x11cb build/stm32l4xx_hal_cortex.o
 .debug_info    0x0000000000008192     0x2055 build/stm32l4xx_hal_uart.o
 .debug_info    0x000000000000a1e7      0x7d4 build/system_stm32l4xx.o
 .debug_info    0x000000000000a9bb      0x18b build/board.o
 .debug_info    0x000000000000ab46      0x485 build/clock.o
 .debug_info    0x000000000000afcb      0x69e build/components.o
 .debug_info    0x000000000000b669      0x628 build/idle.o
 .debug_info    0x000000000000bc91      0x14f build/irq.o
 .debug_info    0x000000000000bde0     0x106b build/kservice.o
 .debug_info    0x000000000000ce4b      0x5c1 build/object.o
 .debug_info    0x000000000000d40c      0x790 build/scheduler.o
 .debug_info    0x000000000000db9c      0xee4 build/thread.o
 .debug_info    0x000000000000ea80      0x94f build/timer.o
 .debug_info    0x000000000000f3cf      0x598 build/cpuport.o
 .debug_info    0x000000000000f967       0x22 build/startup_stm32l476xx.o

.debug_abbrev   0x0000000000000000     0x2db4
 .debug_abbrev  0x0000000000000000      0x22e build/main.o
 .debug_abbrev  0x000000000000022e       0xc9 build/stm32l4xx_it.o
 .debug_abbrev  0x00000000000002f7      0x19c build/stm32l4xx_hal_msp.o
 .debug_abbrev  0x0000000000000493      0x223 build/stm32l4xx_hal.o
 .debug_abbrev  0x00000000000006b6      0x255 build/stm32l4xx_hal_rcc.o
 .debug_abbrev  0x000000000000090b      0x280 build/stm32l4xx_hal_rcc_ex.o
 .debug_abbrev  0x0000000000000b8b      0x213 build/stm32l4xx_hal_gpio.o
 .debug_abbrev  0x0000000000000d9e      0x20f build/stm32l4xx_hal_pwr_ex.o
 .debug_abbrev  0x0000000000000fad      0x33d build/stm32l4xx_hal_cortex.o
 .debug_abbrev  0x00000000000012ea      0x282 build/stm32l4xx_hal_uart.o
 .debug_abbrev  0x000000000000156c      0x14f build/system_stm32l4xx.o
 .debug_abbrev  0x00000000000016bb       0xd4 build/board.o
 .debug_abbrev  0x000000000000178f      0x166 build/clock.o
 .debug_abbrev  0x00000000000018f5      0x1e9 build/components.o
 .debug_abbrev  0x0000000000001ade      0x23c build/idle.o
 .debug_abbrev  0x0000000000001d1a       0xb1 build/irq.o
 .debug_abbrev  0x0000000000001dcb      0x388 build/kservice.o
 .debug_abbrev  0x0000000000002153      0x234 build/object.o
 .debug_abbrev  0x0000000000002387      0x233 build/scheduler.o
 .debug_abbrev  0x00000000000025ba      0x294 build/thread.o
 .debug_abbrev  0x000000000000284e      0x361 build/timer.o
 .debug_abbrev  0x0000000000002baf      0x1f3 build/cpuport.o
 .debug_abbrev  0x0000000000002da2       0x12 build/startup_stm32l476xx.o

.debug_loc      0x0000000000000000     0x8f05
 .debug_loc     0x0000000000000000       0xbe build/main.o
 .debug_loc     0x00000000000000be      0x104 build/stm32l4xx_hal_msp.o
 .debug_loc     0x00000000000001c2      0x2cb build/stm32l4xx_hal.o
 .debug_loc     0x000000000000048d      0x7e6 build/stm32l4xx_hal_rcc.o
 .debug_loc     0x0000000000000c73     0x1e2a build/stm32l4xx_hal_rcc_ex.o
 .debug_loc     0x0000000000002a9d      0x38f build/stm32l4xx_hal_gpio.o
 .debug_loc     0x0000000000002e2c      0x9fa build/stm32l4xx_hal_pwr_ex.o
 .debug_loc     0x0000000000003826      0x65e build/stm32l4xx_hal_cortex.o
 .debug_loc     0x0000000000003e84     0x1df6 build/stm32l4xx_hal_uart.o
 .debug_loc     0x0000000000005c7a      0x1b8 build/system_stm32l4xx.o
 .debug_loc     0x0000000000005e32       0x8f build/board.o
 .debug_loc     0x0000000000005ec1      0x12e build/clock.o
 .debug_loc     0x0000000000005fef      0x14f build/components.o
 .debug_loc     0x000000000000613e       0xff build/idle.o
 .debug_loc     0x000000000000623d       0x66 build/irq.o
 .debug_loc     0x00000000000062a3     0x15ce build/kservice.o
 .debug_loc     0x0000000000007871      0x31a build/object.o
 .debug_loc     0x0000000000007b8b      0x2a8 build/scheduler.o
 .debug_loc     0x0000000000007e33      0x814 build/thread.o
 .debug_loc     0x0000000000008647      0x6ce build/timer.o
 .debug_loc     0x0000000000008d15      0x1f0 build/cpuport.o

.debug_aranges  0x0000000000000000      0xbd8
 .debug_aranges
                0x0000000000000000       0x40 build/main.o
 .debug_aranges
                0x0000000000000040       0x40 build/stm32l4xx_it.o
 .debug_aranges
                0x0000000000000080       0x30 build/stm32l4xx_hal_msp.o
 .debug_aranges
                0x00000000000000b0      0x130 build/stm32l4xx_hal.o
 .debug_aranges
                0x00000000000001e0       0x88 build/stm32l4xx_hal_rcc.o
 .debug_aranges
                0x0000000000000268       0xc0 build/stm32l4xx_hal_rcc_ex.o
 .debug_aranges
                0x0000000000000328       0x58 build/stm32l4xx_hal_gpio.o
 .debug_aranges
                0x0000000000000380      0x150 build/stm32l4xx_hal_pwr_ex.o
 .debug_aranges
                0x00000000000004d0       0xa8 build/stm32l4xx_hal_cortex.o
 .debug_aranges
                0x0000000000000578      0x210 build/stm32l4xx_hal_uart.o
 .debug_aranges
                0x0000000000000788       0x28 build/system_stm32l4xx.o
 .debug_aranges
                0x00000000000007b0       0x30 build/board.o
 .debug_aranges
                0x00000000000007e0       0x40 build/clock.o
 .debug_aranges
                0x0000000000000820       0x68 build/components.o
 .debug_aranges
                0x0000000000000888       0x38 build/idle.o
 .debug_aranges
                0x00000000000008c0       0x30 build/irq.o
 .debug_aranges
                0x00000000000008f0       0xd8 build/kservice.o
 .debug_aranges
                0x00000000000009c8       0x50 build/object.o
 .debug_aranges
                0x0000000000000a18       0x58 build/scheduler.o
 .debug_aranges
                0x0000000000000a70       0x90 build/thread.o
 .debug_aranges
                0x0000000000000b00       0x70 build/timer.o
 .debug_aranges
                0x0000000000000b70       0x40 build/cpuport.o
 .debug_aranges
                0x0000000000000bb0       0x28 build/startup_stm32l476xx.o

.debug_ranges   0x0000000000000000      0xbe0
 .debug_ranges  0x0000000000000000       0x30 build/main.o
 .debug_ranges  0x0000000000000030       0x30 build/stm32l4xx_it.o
 .debug_ranges  0x0000000000000060       0x20 build/stm32l4xx_hal_msp.o
 .debug_ranges  0x0000000000000080      0x120 build/stm32l4xx_hal.o
 .debug_ranges  0x00000000000001a0       0x90 build/stm32l4xx_hal_rcc.o
 .debug_ranges  0x0000000000000230       0xd0 build/stm32l4xx_hal_rcc_ex.o
 .debug_ranges  0x0000000000000300       0x48 build/stm32l4xx_hal_gpio.o
 .debug_ranges  0x0000000000000348      0x140 build/stm32l4xx_hal_pwr_ex.o
 .debug_ranges  0x0000000000000488       0xf8 build/stm32l4xx_hal_cortex.o
 .debug_ranges  0x0000000000000580      0x200 build/stm32l4xx_hal_uart.o
 .debug_ranges  0x0000000000000780       0x18 build/system_stm32l4xx.o
 .debug_ranges  0x0000000000000798       0x20 build/board.o
 .debug_ranges  0x00000000000007b8       0x30 build/clock.o
 .debug_ranges  0x00000000000007e8       0x58 build/components.o
 .debug_ranges  0x0000000000000840       0x58 build/idle.o
 .debug_ranges  0x0000000000000898       0x20 build/irq.o
 .debug_ranges  0x00000000000008b8       0xf8 build/kservice.o
 .debug_ranges  0x00000000000009b0       0x40 build/object.o
 .debug_ranges  0x00000000000009f0       0x60 build/scheduler.o
 .debug_ranges  0x0000000000000a50       0x80 build/thread.o
 .debug_ranges  0x0000000000000ad0       0xc0 build/timer.o
 .debug_ranges  0x0000000000000b90       0x30 build/cpuport.o
 .debug_ranges  0x0000000000000bc0       0x20 build/startup_stm32l476xx.o

.debug_line     0x0000000000000000     0x5a1f
 .debug_line    0x0000000000000000      0x3e5 build/main.o
 .debug_line    0x00000000000003e5      0x2dc build/stm32l4xx_it.o
 .debug_line    0x00000000000006c1      0x333 build/stm32l4xx_hal_msp.o
 .debug_line    0x00000000000009f4      0x57a build/stm32l4xx_hal.o
 .debug_line    0x0000000000000f6e      0x6c0 build/stm32l4xx_hal_rcc.o
 .debug_line    0x000000000000162e      0x948 build/stm32l4xx_hal_rcc_ex.o
 .debug_line    0x0000000000001f76      0x44f build/stm32l4xx_hal_gpio.o
 .debug_line    0x00000000000023c5      0x763 build/stm32l4xx_hal_pwr_ex.o
 .debug_line    0x0000000000002b28      0x546 build/stm32l4xx_hal_cortex.o
 .debug_line    0x000000000000306e      0xf22 build/stm32l4xx_hal_uart.o
 .debug_line    0x0000000000003f90      0x305 build/system_stm32l4xx.o
 .debug_line    0x0000000000004295      0x27f build/board.o
 .debug_line    0x0000000000004514      0x127 build/clock.o
 .debug_line    0x000000000000463b      0x192 build/components.o
 .debug_line    0x00000000000047cd      0x151 build/idle.o
 .debug_line    0x000000000000491e       0xe4 build/irq.o
 .debug_line    0x0000000000004a02      0x525 build/kservice.o
 .debug_line    0x0000000000004f27      0x1b4 build/object.o
 .debug_line    0x00000000000050db      0x1e9 build/scheduler.o
 .debug_line    0x00000000000052c4      0x2df build/thread.o
 .debug_line    0x00000000000055a3      0x2b3 build/timer.o
 .debug_line    0x0000000000005856      0x154 build/cpuport.o
 .debug_line    0x00000000000059aa       0x75 build/startup_stm32l476xx.o

.debug_str      0x0000000000000000     0x403a
 .debug_str     0x0000000000000000      0xde4 build/main.o
                                        0xeab (size before relaxing)
 .debug_str     0x0000000000000de4       0x6b build/stm32l4xx_it.o
                                        0x474 (size before relaxing)
 .debug_str     0x0000000000000e4f       0x63 build/stm32l4xx_hal_msp.o
                                        0x9cf (size before relaxing)
 .debug_str     0x0000000000000eb2      0x981 build/stm32l4xx_hal.o
                                        0xf43 (size before relaxing)
 .debug_str     0x0000000000001833      0x269 build/stm32l4xx_hal_rcc.o
                                        0xaa2 (size before relaxing)
 .debug_str     0x0000000000001a9c      0x33b build/stm32l4xx_hal_rcc_ex.o
                                        0xd27 (size before relaxing)
 .debug_str     0x0000000000001dd7       0xc2 build/stm32l4xx_hal_gpio.o
                                        0x7ba (size before relaxing)
 .debug_str     0x0000000000001e99      0x4fc build/stm32l4xx_hal_pwr_ex.o
                                        0xa6c (size before relaxing)
 .debug_str     0x0000000000002395      0x429 build/stm32l4xx_hal_cortex.o
                                        0xe76 (size before relaxing)
 .debug_str     0x00000000000027be      0x76c build/stm32l4xx_hal_uart.o
                                       0x1153 (size before relaxing)
 .debug_str     0x0000000000002f2a       0x3d build/system_stm32l4xx.o
                                        0x60d (size before relaxing)
 .debug_str     0x0000000000002f67       0xd6 build/board.o
                                        0x283 (size before relaxing)
 .debug_str     0x000000000000303d      0x1eb build/clock.o
                                        0x3d5 (size before relaxing)
 .debug_str     0x0000000000003228      0x1c7 build/components.o
                                        0x50c (size before relaxing)
 .debug_str     0x00000000000033ef      0x126 build/idle.o
                                        0x461 (size before relaxing)
 .debug_str     0x0000000000003515       0x64 build/irq.o
                                        0x241 (size before relaxing)
 .debug_str     0x0000000000003579      0x27b build/kservice.o
                                        0x5aa (size before relaxing)
 .debug_str     0x00000000000037f4      0x2cf build/object.o
                                        0x576 (size before relaxing)
 .debug_str     0x0000000000003ac3      0x1a6 build/scheduler.o
                                        0x565 (size before relaxing)
 .debug_str     0x0000000000003c69      0x151 build/thread.o
                                        0x7ed (size before relaxing)
 .debug_str     0x0000000000003dba       0xe1 build/timer.o
                                        0x5b1 (size before relaxing)
 .debug_str     0x0000000000003e9b      0x17b build/cpuport.o
                                        0x36a (size before relaxing)
 .debug_str     0x0000000000004016       0x24 build/startup_stm32l476xx.o
                                         0x4f (size before relaxing)

.comment        0x0000000000000000       0x7b
 .comment       0x0000000000000000       0x7b build/main.o
                                         0x7c (size before relaxing)
 .comment       0x000000000000007b       0x7c build/stm32l4xx_it.o
 .comment       0x000000000000007b       0x7c build/stm32l4xx_hal_msp.o
 .comment       0x000000000000007b       0x7c build/stm32l4xx_hal.o
 .comment       0x000000000000007b       0x7c build/stm32l4xx_hal_rcc.o
 .comment       0x000000000000007b       0x7c build/stm32l4xx_hal_rcc_ex.o
 .comment       0x000000000000007b       0x7c build/stm32l4xx_hal_gpio.o
 .comment       0x000000000000007b       0x7c build/stm32l4xx_hal_pwr_ex.o
 .comment       0x000000000000007b       0x7c build/stm32l4xx_hal_cortex.o
 .comment       0x000000000000007b       0x7c build/stm32l4xx_hal_uart.o
 .comment       0x000000000000007b       0x7c build/system_stm32l4xx.o
 .comment       0x000000000000007b       0x7c build/board.o
 .comment       0x000000000000007b       0x7c build/clock.o
 .comment       0x000000000000007b       0x7c build/components.o
 .comment       0x000000000000007b       0x7c build/idle.o
 .comment       0x000000000000007b       0x7c build/irq.o
 .comment       0x000000000000007b       0x7c build/kservice.o
 .comment       0x000000000000007b       0x7c build/object.o
 .comment       0x000000000000007b       0x7c build/scheduler.o
 .comment       0x000000000000007b       0x7c build/thread.o
 .comment       0x000000000000007b       0x7c build/timer.o
 .comment       0x000000000000007b       0x7c build/cpuport.o

.debug_frame    0x0000000000000000     0x1f64
 .debug_frame   0x0000000000000000       0x9c build/main.o
 .debug_frame   0x000000000000009c       0x60 build/stm32l4xx_it.o
 .debug_frame   0x00000000000000fc       0x64 build/stm32l4xx_hal_msp.o
 .debug_frame   0x0000000000000160      0x28c build/stm32l4xx_hal.o
 .debug_frame   0x00000000000003ec      0x1c0 build/stm32l4xx_hal_rcc.o
 .debug_frame   0x00000000000005ac      0x23c build/stm32l4xx_hal_rcc_ex.o
 .debug_frame   0x00000000000007e8       0xe4 build/stm32l4xx_hal_gpio.o
 .debug_frame   0x00000000000008cc      0x2a4 build/stm32l4xx_hal_pwr_ex.o
 .debug_frame   0x0000000000000b70      0x16c build/stm32l4xx_hal_cortex.o
 .debug_frame   0x0000000000000cdc      0x658 build/stm32l4xx_hal_uart.o
 .debug_frame   0x0000000000001334       0x30 build/system_stm32l4xx.o
 .debug_frame   0x0000000000001364       0x58 build/board.o
 .debug_frame   0x00000000000013bc       0x84 build/clock.o
 .debug_frame   0x0000000000001440       0xfc build/components.o
 .debug_frame   0x000000000000153c       0x88 build/idle.o
 .debug_frame   0x00000000000015c4       0x58 build/irq.o
 .debug_frame   0x000000000000161c      0x334 build/kservice.o
 .debug_frame   0x0000000000001950       0xbc build/object.o
 .debug_frame   0x0000000000001a0c       0xdc build/scheduler.o
 .debug_frame   0x0000000000001ae8      0x1ec build/thread.o
 .debug_frame   0x0000000000001cd4      0x154 build/timer.o
 .debug_frame   0x0000000000001e28       0x90 build/cpuport.o
 .debug_frame   0x0000000000001eb8       0x2c c:/st/stm32cubeide_1.5.0/stm32cubeide/plugins/com.st.stm32cube.ide.mcu.externaltools.gnu-tools-for-stm32.7-2018-q2-update.win32_1.5.0.202011040924/tools/bin/../lib/gcc/arm-none-eabi/7.3.1/../../../../arm-none-eabi/lib/thumb/v7e-m/fpv4-sp/hard\libc_nano.a(lib_a-init.o)
 .debug_frame   0x0000000000001ee4       0x20 c:/st/stm32cubeide_1.5.0/stm32cubeide/plugins/com.st.stm32cube.ide.mcu.externaltools.gnu-tools-for-stm32.7-2018-q2-update.win32_1.5.0.202011040924/tools/bin/../lib/gcc/arm-none-eabi/7.3.1/../../../../arm-none-eabi/lib/thumb/v7e-m/fpv4-sp/hard\libc_nano.a(lib_a-memset.o)
 .debug_frame   0x0000000000001f04       0x2c c:/st/stm32cubeide_1.5.0/stm32cubeide/plugins/com.st.stm32cube.ide.mcu.externaltools.gnu-tools-for-stm32.7-2018-q2-update.win32_1.5.0.202011040924/tools/bin/../lib/gcc/arm-none-eabi/7.3.1/thumb/v7e-m/fpv4-sp/hard\libgcc.a(_aeabi_uldivmod.o)
 .debug_frame   0x0000000000001f30       0x34 c:/st/stm32cubeide_1.5.0/stm32cubeide/plugins/com.st.stm32cube.ide.mcu.externaltools.gnu-tools-for-stm32.7-2018-q2-update.win32_1.5.0.202011040924/tools/bin/../lib/gcc/arm-none-eabi/7.3.1/thumb/v7e-m/fpv4-sp/hard\libgcc.a(_udivmoddi4.o)

Cross Reference Table

Symbol                                            File
ADC1_2_IRQHandler                                 build/startup_stm32l476xx.o
ADC3_IRQHandler                                   build/startup_stm32l476xx.o
AHBPrescTable                                     build/system_stm32l4xx.o
                                                  build/stm32l4xx_hal_rcc.o
APBPrescTable                                     build/system_stm32l4xx.o
                                                  build/stm32l4xx_hal_rcc.o
BusFault_Handler                                  build/stm32l4xx_it.o
CAN1_RX0_IRQHandler                               build/startup_stm32l476xx.o
CAN1_RX1_IRQHandler                               build/startup_stm32l476xx.o
CAN1_SCE_IRQHandler                               build/startup_stm32l476xx.o
CAN1_TX_IRQHandler                                build/startup_stm32l476xx.o
COMP_IRQHandler                                   build/startup_stm32l476xx.o
DFSDM1_FLT0_IRQHandler                            build/startup_stm32l476xx.o
DFSDM1_FLT1_IRQHandler                            build/startup_stm32l476xx.o
DFSDM1_FLT2_IRQHandler                            build/startup_stm32l476xx.o
DFSDM1_FLT3_IRQHandler                            build/startup_stm32l476xx.o
DMA1_Channel1_IRQHandler                          build/startup_stm32l476xx.o
DMA1_Channel2_IRQHandler                          build/startup_stm32l476xx.o
DMA1_Channel3_IRQHandler                          build/startup_stm32l476xx.o
DMA1_Channel4_IRQHandler                          build/startup_stm32l476xx.o
DMA1_Channel5_IRQHandler                          build/startup_stm32l476xx.o
DMA1_Channel6_IRQHandler                          build/startup_stm32l476xx.o
DMA1_Channel7_IRQHandler                          build/startup_stm32l476xx.o
DMA2_Channel1_IRQHandler                          build/startup_stm32l476xx.o
DMA2_Channel2_IRQHandler                          build/startup_stm32l476xx.o
DMA2_Channel3_IRQHandler                          build/startup_stm32l476xx.o
DMA2_Channel4_IRQHandler                          build/startup_stm32l476xx.o
DMA2_Channel5_IRQHandler                          build/startup_stm32l476xx.o
DMA2_Channel6_IRQHandler                          build/startup_stm32l476xx.o
DMA2_Channel7_IRQHandler                          build/startup_stm32l476xx.o
DebugMon_Handler                                  build/stm32l4xx_it.o
Default_Handler                                   build/startup_stm32l476xx.o
EXTI0_IRQHandler                                  build/startup_stm32l476xx.o
EXTI15_10_IRQHandler                              build/startup_stm32l476xx.o
EXTI1_IRQHandler                                  build/startup_stm32l476xx.o
EXTI2_IRQHandler                                  build/startup_stm32l476xx.o
EXTI3_IRQHandler                                  build/startup_stm32l476xx.o
EXTI4_IRQHandler                                  build/startup_stm32l476xx.o
EXTI9_5_IRQHandler                                build/startup_stm32l476xx.o
Error_Handler                                     build/main.o
FLASH_FlushCaches                                 build/stm32l4xx_hal_flash_ex.o
                                                  build/stm32l4xx_hal_flash.o
FLASH_IRQHandler                                  build/startup_stm32l476xx.o
FLASH_PageErase                                   build/stm32l4xx_hal_flash_ex.o
                                                  build/stm32l4xx_hal_flash.o
FLASH_WaitForLastOperation                        build/stm32l4xx_hal_flash.o
                                                  build/stm32l4xx_hal_flash_ex.o
FMC_IRQHandler                                    build/startup_stm32l476xx.o
FPU_IRQHandler                                    build/startup_stm32l476xx.o
HAL_DBGMCU_DisableDBGSleepMode                    build/stm32l4xx_hal.o
HAL_DBGMCU_DisableDBGStandbyMode                  build/stm32l4xx_hal.o
HAL_DBGMCU_DisableDBGStopMode                     build/stm32l4xx_hal.o
HAL_DBGMCU_EnableDBGSleepMode                     build/stm32l4xx_hal.o
HAL_DBGMCU_EnableDBGStandbyMode                   build/stm32l4xx_hal.o
HAL_DBGMCU_EnableDBGStopMode                      build/stm32l4xx_hal.o
HAL_DMA_Abort                                     build/stm32l4xx_hal_dma.o
                                                  build/stm32l4xx_hal_uart.o
HAL_DMA_Abort_IT                                  build/stm32l4xx_hal_dma.o
                                                  build/stm32l4xx_hal_uart.o
                                                  build/stm32l4xx_hal_i2c.o
HAL_DMA_DeInit                                    build/stm32l4xx_hal_dma.o
HAL_DMA_GetError                                  build/stm32l4xx_hal_dma.o
                                                  build/stm32l4xx_hal_uart.o
HAL_DMA_GetState                                  build/stm32l4xx_hal_dma.o
                                                  build/stm32l4xx_hal_i2c.o
HAL_DMA_IRQHandler                                build/stm32l4xx_hal_dma.o
HAL_DMA_Init                                      build/stm32l4xx_hal_dma.o
HAL_DMA_PollForTransfer                           build/stm32l4xx_hal_dma.o
HAL_DMA_RegisterCallback                          build/stm32l4xx_hal_dma.o
HAL_DMA_Start                                     build/stm32l4xx_hal_dma.o
HAL_DMA_Start_IT                                  build/stm32l4xx_hal_dma.o
                                                  build/stm32l4xx_hal_uart.o
                                                  build/stm32l4xx_hal_i2c.o
HAL_DMA_UnRegisterCallback                        build/stm32l4xx_hal_dma.o
HAL_DeInit                                        build/stm32l4xx_hal.o
HAL_Delay                                         build/stm32l4xx_hal.o
HAL_EXTI_ClearConfigLine                          build/stm32l4xx_hal_exti.o
HAL_EXTI_ClearPending                             build/stm32l4xx_hal_exti.o
HAL_EXTI_GenerateSWI                              build/stm32l4xx_hal_exti.o
HAL_EXTI_GetConfigLine                            build/stm32l4xx_hal_exti.o
HAL_EXTI_GetHandle                                build/stm32l4xx_hal_exti.o
HAL_EXTI_GetPending                               build/stm32l4xx_hal_exti.o
HAL_EXTI_IRQHandler                               build/stm32l4xx_hal_exti.o
HAL_EXTI_RegisterCallback                         build/stm32l4xx_hal_exti.o
HAL_EXTI_SetConfigLine                            build/stm32l4xx_hal_exti.o
HAL_FLASHEx_DisableRunPowerDown                   build/stm32l4xx_hal_flash_ramfunc.o
HAL_FLASHEx_EnableRunPowerDown                    build/stm32l4xx_hal_flash_ramfunc.o
HAL_FLASHEx_Erase                                 build/stm32l4xx_hal_flash_ex.o
HAL_FLASHEx_Erase_IT                              build/stm32l4xx_hal_flash_ex.o
HAL_FLASHEx_OBGetConfig                           build/stm32l4xx_hal_flash_ex.o
HAL_FLASHEx_OBProgram                             build/stm32l4xx_hal_flash_ex.o
HAL_FLASH_EndOfOperationCallback                  build/stm32l4xx_hal_flash.o
HAL_FLASH_GetError                                build/stm32l4xx_hal_flash.o
HAL_FLASH_IRQHandler                              build/stm32l4xx_hal_flash.o
HAL_FLASH_Lock                                    build/stm32l4xx_hal_flash.o
HAL_FLASH_OB_Launch                               build/stm32l4xx_hal_flash.o
HAL_FLASH_OB_Lock                                 build/stm32l4xx_hal_flash.o
HAL_FLASH_OB_Unlock                               build/stm32l4xx_hal_flash.o
HAL_FLASH_OperationErrorCallback                  build/stm32l4xx_hal_flash.o
HAL_FLASH_Program                                 build/stm32l4xx_hal_flash.o
HAL_FLASH_Program_IT                              build/stm32l4xx_hal_flash.o
HAL_FLASH_Unlock                                  build/stm32l4xx_hal_flash.o
HAL_GPIO_DeInit                                   build/stm32l4xx_hal_gpio.o
                                                  build/stm32l4xx_hal_msp.o
HAL_GPIO_EXTI_Callback                            build/stm32l4xx_hal_gpio.o
HAL_GPIO_EXTI_IRQHandler                          build/stm32l4xx_hal_gpio.o
HAL_GPIO_Init                                     build/stm32l4xx_hal_gpio.o
                                                  build/stm32l4xx_hal_rcc_ex.o
                                                  build/stm32l4xx_hal_rcc.o
                                                  build/stm32l4xx_hal_msp.o
                                                  build/main.o
HAL_GPIO_LockPin                                  build/stm32l4xx_hal_gpio.o
HAL_GPIO_ReadPin                                  build/stm32l4xx_hal_gpio.o
HAL_GPIO_TogglePin                                build/stm32l4xx_hal_gpio.o
                                                  build/main.o
HAL_GPIO_WritePin                                 build/stm32l4xx_hal_gpio.o
                                                  build/main.o
HAL_GetDEVID                                      build/stm32l4xx_hal.o
HAL_GetHalVersion                                 build/stm32l4xx_hal.o
HAL_GetREVID                                      build/stm32l4xx_hal.o
HAL_GetTick                                       build/stm32l4xx_hal.o
                                                  build/stm32l4xx_hal_uart_ex.o
                                                  build/stm32l4xx_hal_uart.o
                                                  build/stm32l4xx_hal_dma.o
                                                  build/stm32l4xx_hal_flash.o
                                                  build/stm32l4xx_hal_rcc_ex.o
                                                  build/stm32l4xx_hal_rcc.o
                                                  build/stm32l4xx_hal_i2c.o
HAL_GetTickFreq                                   build/stm32l4xx_hal.o
HAL_GetTickPrio                                   build/stm32l4xx_hal.o
HAL_GetUIDw0                                      build/stm32l4xx_hal.o
HAL_GetUIDw1                                      build/stm32l4xx_hal.o
HAL_GetUIDw2                                      build/stm32l4xx_hal.o
HAL_HalfDuplex_EnableReceiver                     build/stm32l4xx_hal_uart.o
HAL_HalfDuplex_EnableTransmitter                  build/stm32l4xx_hal_uart.o
HAL_HalfDuplex_Init                               build/stm32l4xx_hal_uart.o
HAL_I2CEx_ConfigAnalogFilter                      build/stm32l4xx_hal_i2c_ex.o
HAL_I2CEx_ConfigDigitalFilter                     build/stm32l4xx_hal_i2c_ex.o
HAL_I2CEx_DisableFastModePlus                     build/stm32l4xx_hal_i2c_ex.o
HAL_I2CEx_DisableWakeUp                           build/stm32l4xx_hal_i2c_ex.o
HAL_I2CEx_EnableFastModePlus                      build/stm32l4xx_hal_i2c_ex.o
HAL_I2CEx_EnableWakeUp                            build/stm32l4xx_hal_i2c_ex.o
HAL_I2C_AbortCpltCallback                         build/stm32l4xx_hal_i2c.o
HAL_I2C_AddrCallback                              build/stm32l4xx_hal_i2c.o
HAL_I2C_DeInit                                    build/stm32l4xx_hal_i2c.o
HAL_I2C_DisableListen_IT                          build/stm32l4xx_hal_i2c.o
HAL_I2C_ER_IRQHandler                             build/stm32l4xx_hal_i2c.o
HAL_I2C_EV_IRQHandler                             build/stm32l4xx_hal_i2c.o
HAL_I2C_EnableListen_IT                           build/stm32l4xx_hal_i2c.o
HAL_I2C_ErrorCallback                             build/stm32l4xx_hal_i2c.o
HAL_I2C_GetError                                  build/stm32l4xx_hal_i2c.o
HAL_I2C_GetMode                                   build/stm32l4xx_hal_i2c.o
HAL_I2C_GetState                                  build/stm32l4xx_hal_i2c.o
HAL_I2C_Init                                      build/stm32l4xx_hal_i2c.o
HAL_I2C_IsDeviceReady                             build/stm32l4xx_hal_i2c.o
HAL_I2C_ListenCpltCallback                        build/stm32l4xx_hal_i2c.o
HAL_I2C_MasterRxCpltCallback                      build/stm32l4xx_hal_i2c.o
HAL_I2C_MasterTxCpltCallback                      build/stm32l4xx_hal_i2c.o
HAL_I2C_Master_Abort_IT                           build/stm32l4xx_hal_i2c.o
HAL_I2C_Master_Receive                            build/stm32l4xx_hal_i2c.o
HAL_I2C_Master_Receive_DMA                        build/stm32l4xx_hal_i2c.o
HAL_I2C_Master_Receive_IT                         build/stm32l4xx_hal_i2c.o
HAL_I2C_Master_Seq_Receive_DMA                    build/stm32l4xx_hal_i2c.o
HAL_I2C_Master_Seq_Receive_IT                     build/stm32l4xx_hal_i2c.o
HAL_I2C_Master_Seq_Transmit_DMA                   build/stm32l4xx_hal_i2c.o
HAL_I2C_Master_Seq_Transmit_IT                    build/stm32l4xx_hal_i2c.o
HAL_I2C_Master_Transmit                           build/stm32l4xx_hal_i2c.o
HAL_I2C_Master_Transmit_DMA                       build/stm32l4xx_hal_i2c.o
HAL_I2C_Master_Transmit_IT                        build/stm32l4xx_hal_i2c.o
HAL_I2C_MemRxCpltCallback                         build/stm32l4xx_hal_i2c.o
HAL_I2C_MemTxCpltCallback                         build/stm32l4xx_hal_i2c.o
HAL_I2C_Mem_Read                                  build/stm32l4xx_hal_i2c.o
HAL_I2C_Mem_Read_DMA                              build/stm32l4xx_hal_i2c.o
HAL_I2C_Mem_Read_IT                               build/stm32l4xx_hal_i2c.o
HAL_I2C_Mem_Write                                 build/stm32l4xx_hal_i2c.o
HAL_I2C_Mem_Write_DMA                             build/stm32l4xx_hal_i2c.o
HAL_I2C_Mem_Write_IT                              build/stm32l4xx_hal_i2c.o
HAL_I2C_MspDeInit                                 build/stm32l4xx_hal_i2c.o
HAL_I2C_MspInit                                   build/stm32l4xx_hal_i2c.o
HAL_I2C_SlaveRxCpltCallback                       build/stm32l4xx_hal_i2c.o
HAL_I2C_SlaveTxCpltCallback                       build/stm32l4xx_hal_i2c.o
HAL_I2C_Slave_Receive                             build/stm32l4xx_hal_i2c.o
HAL_I2C_Slave_Receive_DMA                         build/stm32l4xx_hal_i2c.o
HAL_I2C_Slave_Receive_IT                          build/stm32l4xx_hal_i2c.o
HAL_I2C_Slave_Seq_Receive_DMA                     build/stm32l4xx_hal_i2c.o
HAL_I2C_Slave_Seq_Receive_IT                      build/stm32l4xx_hal_i2c.o
HAL_I2C_Slave_Seq_Transmit_DMA                    build/stm32l4xx_hal_i2c.o
HAL_I2C_Slave_Seq_Transmit_IT                     build/stm32l4xx_hal_i2c.o
HAL_I2C_Slave_Transmit                            build/stm32l4xx_hal_i2c.o
HAL_I2C_Slave_Transmit_DMA                        build/stm32l4xx_hal_i2c.o
HAL_I2C_Slave_Transmit_IT                         build/stm32l4xx_hal_i2c.o
HAL_IncTick                                       build/stm32l4xx_hal.o
HAL_Init                                          build/stm32l4xx_hal.o
                                                  build/main.o
HAL_InitTick                                      build/stm32l4xx_hal.o
                                                  build/stm32l4xx_hal_rcc.o
HAL_LIN_Init                                      build/stm32l4xx_hal_uart.o
HAL_LIN_SendBreak                                 build/stm32l4xx_hal_uart.o
HAL_MPU_ConfigRegion                              build/stm32l4xx_hal_cortex.o
HAL_MPU_Disable                                   build/stm32l4xx_hal_cortex.o
HAL_MPU_Enable                                    build/stm32l4xx_hal_cortex.o
HAL_MspDeInit                                     build/stm32l4xx_hal.o
HAL_MspInit                                       build/stm32l4xx_hal_msp.o
HAL_MultiProcessorEx_AddressLength_Set            build/stm32l4xx_hal_uart_ex.o
HAL_MultiProcessor_DisableMuteMode                build/stm32l4xx_hal_uart.o
HAL_MultiProcessor_EnableMuteMode                 build/stm32l4xx_hal_uart.o
HAL_MultiProcessor_EnterMuteMode                  build/stm32l4xx_hal_uart.o
HAL_MultiProcessor_Init                           build/stm32l4xx_hal_uart.o
HAL_NVIC_ClearPendingIRQ                          build/stm32l4xx_hal_cortex.o
HAL_NVIC_DisableIRQ                               build/stm32l4xx_hal_cortex.o
HAL_NVIC_EnableIRQ                                build/stm32l4xx_hal_cortex.o
HAL_NVIC_GetActive                                build/stm32l4xx_hal_cortex.o
HAL_NVIC_GetPendingIRQ                            build/stm32l4xx_hal_cortex.o
HAL_NVIC_GetPriority                              build/stm32l4xx_hal_cortex.o
HAL_NVIC_GetPriorityGrouping                      build/stm32l4xx_hal_cortex.o
HAL_NVIC_SetPendingIRQ                            build/stm32l4xx_hal_cortex.o
HAL_NVIC_SetPriority                              build/stm32l4xx_hal_cortex.o
                                                  build/stm32l4xx_hal.o
HAL_NVIC_SetPriorityGrouping                      build/stm32l4xx_hal_cortex.o
                                                  build/stm32l4xx_hal.o
HAL_NVIC_SystemReset                              build/stm32l4xx_hal_cortex.o
HAL_PWREx_ConfigPVM                               build/stm32l4xx_hal_pwr_ex.o
HAL_PWREx_ControlVoltageScaling                   build/stm32l4xx_hal_pwr_ex.o
                                                  build/main.o
HAL_PWREx_DisableBatteryCharging                  build/stm32l4xx_hal_pwr_ex.o
HAL_PWREx_DisableGPIOPullDown                     build/stm32l4xx_hal_pwr_ex.o
HAL_PWREx_DisableGPIOPullUp                       build/stm32l4xx_hal_pwr_ex.o
HAL_PWREx_DisableInternalWakeUpLine               build/stm32l4xx_hal_pwr_ex.o
HAL_PWREx_DisableLowPowerRunMode                  build/stm32l4xx_hal_pwr_ex.o
                                                  build/stm32l4xx_hal_pwr.o
HAL_PWREx_DisablePVM1                             build/stm32l4xx_hal_pwr_ex.o
HAL_PWREx_DisablePVM2                             build/stm32l4xx_hal_pwr_ex.o
HAL_PWREx_DisablePVM3                             build/stm32l4xx_hal_pwr_ex.o
HAL_PWREx_DisablePVM4                             build/stm32l4xx_hal_pwr_ex.o
HAL_PWREx_DisablePullUpPullDownConfig             build/stm32l4xx_hal_pwr_ex.o
HAL_PWREx_DisableSRAM2ContentRetention            build/stm32l4xx_hal_pwr_ex.o
HAL_PWREx_DisableVddIO2                           build/stm32l4xx_hal_pwr_ex.o
HAL_PWREx_DisableVddUSB                           build/stm32l4xx_hal_pwr_ex.o
HAL_PWREx_EnableBatteryCharging                   build/stm32l4xx_hal_pwr_ex.o
HAL_PWREx_EnableGPIOPullDown                      build/stm32l4xx_hal_pwr_ex.o
HAL_PWREx_EnableGPIOPullUp                        build/stm32l4xx_hal_pwr_ex.o
HAL_PWREx_EnableInternalWakeUpLine                build/stm32l4xx_hal_pwr_ex.o
HAL_PWREx_EnableLowPowerRunMode                   build/stm32l4xx_hal_pwr_ex.o
                                                  build/stm32l4xx_hal_pwr.o
HAL_PWREx_EnablePVM1                              build/stm32l4xx_hal_pwr_ex.o
HAL_PWREx_EnablePVM2                              build/stm32l4xx_hal_pwr_ex.o
HAL_PWREx_EnablePVM3                              build/stm32l4xx_hal_pwr_ex.o
HAL_PWREx_EnablePVM4                              build/stm32l4xx_hal_pwr_ex.o
HAL_PWREx_EnablePullUpPullDownConfig              build/stm32l4xx_hal_pwr_ex.o
HAL_PWREx_EnableSRAM2ContentRetention             build/stm32l4xx_hal_pwr_ex.o
HAL_PWREx_EnableVddIO2                            build/stm32l4xx_hal_pwr_ex.o
HAL_PWREx_EnableVddUSB                            build/stm32l4xx_hal_pwr_ex.o
HAL_PWREx_EnterSHUTDOWNMode                       build/stm32l4xx_hal_pwr_ex.o
HAL_PWREx_EnterSTOP0Mode                          build/stm32l4xx_hal_pwr_ex.o
                                                  build/stm32l4xx_hal_pwr.o
HAL_PWREx_EnterSTOP1Mode                          build/stm32l4xx_hal_pwr_ex.o
                                                  build/stm32l4xx_hal_pwr.o
HAL_PWREx_EnterSTOP2Mode                          build/stm32l4xx_hal_pwr_ex.o
HAL_PWREx_GetVoltageRange                         build/stm32l4xx_hal_pwr_ex.o
                                                  build/stm32l4xx_hal_rcc.o
HAL_PWREx_PVD_PVM_IRQHandler                      build/stm32l4xx_hal_pwr_ex.o
HAL_PWREx_PVM1Callback                            build/stm32l4xx_hal_pwr_ex.o
HAL_PWREx_PVM2Callback                            build/stm32l4xx_hal_pwr_ex.o
HAL_PWREx_PVM3Callback                            build/stm32l4xx_hal_pwr_ex.o
HAL_PWREx_PVM4Callback                            build/stm32l4xx_hal_pwr_ex.o
HAL_PWREx_SetSRAM2ContentRetention                build/stm32l4xx_hal_pwr_ex.o
HAL_PWR_ConfigPVD                                 build/stm32l4xx_hal_pwr.o
HAL_PWR_DeInit                                    build/stm32l4xx_hal_pwr.o
HAL_PWR_DisableBkUpAccess                         build/stm32l4xx_hal_pwr.o
                                                  build/stm32l4xx_hal_rcc_ex.o
HAL_PWR_DisablePVD                                build/stm32l4xx_hal_pwr.o
HAL_PWR_DisableSEVOnPend                          build/stm32l4xx_hal_pwr.o
HAL_PWR_DisableSleepOnExit                        build/stm32l4xx_hal_pwr.o
HAL_PWR_DisableWakeUpPin                          build/stm32l4xx_hal_pwr.o
HAL_PWR_EnableBkUpAccess                          build/stm32l4xx_hal_pwr.o
                                                  build/stm32l4xx_hal_rcc_ex.o
HAL_PWR_EnablePVD                                 build/stm32l4xx_hal_pwr.o
HAL_PWR_EnableSEVOnPend                           build/stm32l4xx_hal_pwr.o
HAL_PWR_EnableSleepOnExit                         build/stm32l4xx_hal_pwr.o
HAL_PWR_EnableWakeUpPin                           build/stm32l4xx_hal_pwr.o
HAL_PWR_EnterSLEEPMode                            build/stm32l4xx_hal_pwr.o
HAL_PWR_EnterSTANDBYMode                          build/stm32l4xx_hal_pwr.o
HAL_PWR_EnterSTOPMode                             build/stm32l4xx_hal_pwr.o
HAL_PWR_PVDCallback                               build/stm32l4xx_hal_pwr.o
                                                  build/stm32l4xx_hal_pwr_ex.o
HAL_RCCEx_DisableLSCO                             build/stm32l4xx_hal_rcc_ex.o
HAL_RCCEx_DisableLSECSS                           build/stm32l4xx_hal_rcc_ex.o
HAL_RCCEx_DisableMSIPLLMode                       build/stm32l4xx_hal_rcc_ex.o
HAL_RCCEx_DisablePLLSAI1                          build/stm32l4xx_hal_rcc_ex.o
HAL_RCCEx_DisablePLLSAI2                          build/stm32l4xx_hal_rcc_ex.o
HAL_RCCEx_EnableLSCO                              build/stm32l4xx_hal_rcc_ex.o
HAL_RCCEx_EnableLSECSS                            build/stm32l4xx_hal_rcc_ex.o
HAL_RCCEx_EnableLSECSS_IT                         build/stm32l4xx_hal_rcc_ex.o
HAL_RCCEx_EnableMSIPLLMode                        build/stm32l4xx_hal_rcc_ex.o
HAL_RCCEx_EnablePLLSAI1                           build/stm32l4xx_hal_rcc_ex.o
HAL_RCCEx_EnablePLLSAI2                           build/stm32l4xx_hal_rcc_ex.o
HAL_RCCEx_GetPeriphCLKConfig                      build/stm32l4xx_hal_rcc_ex.o
HAL_RCCEx_GetPeriphCLKFreq                        build/stm32l4xx_hal_rcc_ex.o
HAL_RCCEx_LSECSS_Callback                         build/stm32l4xx_hal_rcc_ex.o
HAL_RCCEx_LSECSS_IRQHandler                       build/stm32l4xx_hal_rcc_ex.o
HAL_RCCEx_PeriphCLKConfig                         build/stm32l4xx_hal_rcc_ex.o
                                                  build/main.o
HAL_RCCEx_StandbyMSIRangeConfig                   build/stm32l4xx_hal_rcc_ex.o
HAL_RCCEx_WakeUpStopCLKConfig                     build/stm32l4xx_hal_rcc_ex.o
HAL_RCC_CSSCallback                               build/stm32l4xx_hal_rcc.o
HAL_RCC_ClockConfig                               build/stm32l4xx_hal_rcc.o
                                                  build/main.o
HAL_RCC_DeInit                                    build/stm32l4xx_hal_rcc.o
HAL_RCC_EnableCSS                                 build/stm32l4xx_hal_rcc.o
HAL_RCC_GetClockConfig                            build/stm32l4xx_hal_rcc.o
HAL_RCC_GetHCLKFreq                               build/stm32l4xx_hal_rcc.o
HAL_RCC_GetOscConfig                              build/stm32l4xx_hal_rcc.o
HAL_RCC_GetPCLK1Freq                              build/stm32l4xx_hal_rcc.o
                                                  build/stm32l4xx_hal_uart.o
                                                  build/stm32l4xx_hal_rcc_ex.o
HAL_RCC_GetPCLK2Freq                              build/stm32l4xx_hal_rcc.o
                                                  build/stm32l4xx_hal_uart.o
                                                  build/stm32l4xx_hal_rcc_ex.o
HAL_RCC_GetSysClockFreq                           build/stm32l4xx_hal_rcc.o
                                                  build/stm32l4xx_hal_uart.o
                                                  build/stm32l4xx_hal_rcc_ex.o
HAL_RCC_MCOConfig                                 build/stm32l4xx_hal_rcc.o
HAL_RCC_NMI_IRQHandler                            build/stm32l4xx_hal_rcc.o
HAL_RCC_OscConfig                                 build/stm32l4xx_hal_rcc.o
                                                  build/main.o
HAL_RS485Ex_Init                                  build/stm32l4xx_hal_uart_ex.o
HAL_ResumeTick                                    build/stm32l4xx_hal.o
HAL_SYSCFG_DisableIOAnalogSwitchBooster           build/stm32l4xx_hal.o
HAL_SYSCFG_DisableMemorySwappingBank              build/stm32l4xx_hal.o
HAL_SYSCFG_DisableVREFBUF                         build/stm32l4xx_hal.o
HAL_SYSCFG_EnableIOAnalogSwitchBooster            build/stm32l4xx_hal.o
HAL_SYSCFG_EnableMemorySwappingBank               build/stm32l4xx_hal.o
HAL_SYSCFG_EnableVREFBUF                          build/stm32l4xx_hal.o
HAL_SYSCFG_SRAM2Erase                             build/stm32l4xx_hal.o
HAL_SYSCFG_VREFBUF_HighImpedanceConfig            build/stm32l4xx_hal.o
HAL_SYSCFG_VREFBUF_TrimmingConfig                 build/stm32l4xx_hal.o
HAL_SYSCFG_VREFBUF_VoltageScalingConfig           build/stm32l4xx_hal.o
HAL_SYSTICK_CLKSourceConfig                       build/stm32l4xx_hal_cortex.o
HAL_SYSTICK_Callback                              build/stm32l4xx_hal_cortex.o
HAL_SYSTICK_Config                                build/stm32l4xx_hal_cortex.o
                                                  build/stm32l4xx_hal.o
HAL_SYSTICK_IRQHandler                            build/stm32l4xx_hal_cortex.o
HAL_SetTickFreq                                   build/stm32l4xx_hal.o
HAL_SuspendTick                                   build/stm32l4xx_hal.o
HAL_UARTEx_DisableClockStopMode                   build/stm32l4xx_hal_uart_ex.o
HAL_UARTEx_DisableStopMode                        build/stm32l4xx_hal_uart_ex.o
HAL_UARTEx_EnableClockStopMode                    build/stm32l4xx_hal_uart_ex.o
HAL_UARTEx_EnableStopMode                         build/stm32l4xx_hal_uart_ex.o
HAL_UARTEx_StopModeWakeUpSourceConfig             build/stm32l4xx_hal_uart_ex.o
HAL_UARTEx_WakeupCallback                         build/stm32l4xx_hal_uart_ex.o
                                                  build/stm32l4xx_hal_uart.o
HAL_UART_Abort                                    build/stm32l4xx_hal_uart.o
HAL_UART_AbortCpltCallback                        build/stm32l4xx_hal_uart.o
HAL_UART_AbortReceive                             build/stm32l4xx_hal_uart.o
HAL_UART_AbortReceiveCpltCallback                 build/stm32l4xx_hal_uart.o
HAL_UART_AbortReceive_IT                          build/stm32l4xx_hal_uart.o
HAL_UART_AbortTransmit                            build/stm32l4xx_hal_uart.o
HAL_UART_AbortTransmitCpltCallback                build/stm32l4xx_hal_uart.o
HAL_UART_AbortTransmit_IT                         build/stm32l4xx_hal_uart.o
HAL_UART_Abort_IT                                 build/stm32l4xx_hal_uart.o
HAL_UART_DMAPause                                 build/stm32l4xx_hal_uart.o
HAL_UART_DMAResume                                build/stm32l4xx_hal_uart.o
HAL_UART_DMAStop                                  build/stm32l4xx_hal_uart.o
HAL_UART_DeInit                                   build/stm32l4xx_hal_uart.o
HAL_UART_DisableReceiverTimeout                   build/stm32l4xx_hal_uart.o
HAL_UART_EnableReceiverTimeout                    build/stm32l4xx_hal_uart.o
HAL_UART_ErrorCallback                            build/stm32l4xx_hal_uart.o
HAL_UART_GetError                                 build/stm32l4xx_hal_uart.o
HAL_UART_GetState                                 build/stm32l4xx_hal_uart.o
HAL_UART_IRQHandler                               build/stm32l4xx_hal_uart.o
HAL_UART_Init                                     build/stm32l4xx_hal_uart.o
                                                  build/main.o
HAL_UART_MspDeInit                                build/stm32l4xx_hal_msp.o
HAL_UART_MspInit                                  build/stm32l4xx_hal_msp.o
                                                  build/stm32l4xx_hal_uart_ex.o
HAL_UART_Receive                                  build/stm32l4xx_hal_uart.o
HAL_UART_Receive_DMA                              build/stm32l4xx_hal_uart.o
HAL_UART_Receive_IT                               build/stm32l4xx_hal_uart.o
HAL_UART_ReceiverTimeout_Config                   build/stm32l4xx_hal_uart.o
HAL_UART_RxCpltCallback                           build/stm32l4xx_hal_uart.o
HAL_UART_RxHalfCpltCallback                       build/stm32l4xx_hal_uart.o
HAL_UART_Transmit                                 build/stm32l4xx_hal_uart.o
HAL_UART_Transmit_DMA                             build/stm32l4xx_hal_uart.o
HAL_UART_Transmit_IT                              build/stm32l4xx_hal_uart.o
HAL_UART_TxCpltCallback                           build/stm32l4xx_hal_uart.o
HAL_UART_TxHalfCpltCallback                       build/stm32l4xx_hal_uart.o
HardFault_Handler                                 build/startup_stm32l476xx.o
I2C1_ER_IRQHandler                                build/startup_stm32l476xx.o
I2C1_EV_IRQHandler                                build/startup_stm32l476xx.o
I2C2_ER_IRQHandler                                build/startup_stm32l476xx.o
I2C2_EV_IRQHandler                                build/startup_stm32l476xx.o
I2C3_ER_IRQHandler                                build/startup_stm32l476xx.o
I2C3_EV_IRQHandler                                build/startup_stm32l476xx.o
LCD_IRQHandler                                    build/startup_stm32l476xx.o
LPTIM1_IRQHandler                                 build/startup_stm32l476xx.o
LPTIM2_IRQHandler                                 build/startup_stm32l476xx.o
LPUART1_IRQHandler                                build/startup_stm32l476xx.o
MSIRangeTable                                     build/system_stm32l4xx.o
                                                  build/stm32l4xx_hal_rcc_ex.o
                                                  build/stm32l4xx_hal_rcc.o
MemManage_Handler                                 build/stm32l4xx_it.o
NMI_Handler                                       build/stm32l4xx_it.o
OTG_FS_IRQHandler                                 build/startup_stm32l476xx.o
PVD_PVM_IRQHandler                                build/startup_stm32l476xx.o
PendSV_Handler                                    build/startup_stm32l476xx.o
QUADSPI_IRQHandler                                build/startup_stm32l476xx.o
RCC_IRQHandler                                    build/startup_stm32l476xx.o
RNG_IRQHandler                                    build/startup_stm32l476xx.o
RTC_Alarm_IRQHandler                              build/startup_stm32l476xx.o
RTC_WKUP_IRQHandler                               build/startup_stm32l476xx.o
Reset_Handler                                     build/startup_stm32l476xx.o
SAI1_IRQHandler                                   build/startup_stm32l476xx.o
SAI2_IRQHandler                                   build/startup_stm32l476xx.o
SDMMC1_IRQHandler                                 build/startup_stm32l476xx.o
SPI1_IRQHandler                                   build/startup_stm32l476xx.o
SPI2_IRQHandler                                   build/startup_stm32l476xx.o
SPI3_IRQHandler                                   build/startup_stm32l476xx.o
SVC_Handler                                       build/startup_stm32l476xx.o
SWPMI1_IRQHandler                                 build/startup_stm32l476xx.o
SysTick_Handler                                   build/board.o
SystemClock_Config                                build/main.o
SystemCoreClock                                   build/system_stm32l4xx.o
                                                  build/board.o
                                                  build/stm32l4xx_hal_pwr_ex.o
                                                  build/stm32l4xx_hal_rcc.o
                                                  build/stm32l4xx_hal.o
SystemCoreClockUpdate                             build/system_stm32l4xx.o
                                                  build/board.o
SystemInit                                        build/system_stm32l4xx.o
                                                  build/startup_stm32l476xx.o
TAMP_STAMP_IRQHandler                             build/startup_stm32l476xx.o
TIM1_BRK_TIM15_IRQHandler                         build/startup_stm32l476xx.o
TIM1_CC_IRQHandler                                build/startup_stm32l476xx.o
TIM1_TRG_COM_TIM17_IRQHandler                     build/startup_stm32l476xx.o
TIM1_UP_TIM16_IRQHandler                          build/startup_stm32l476xx.o
TIM2_IRQHandler                                   build/startup_stm32l476xx.o